******************************************************************************
                  TI ARM Linker PC v18.12.4                    
******************************************************************************
>> Linked Mon Apr 27 22:24:57 2020

OUTPUT FILE NAME:   <Team13_JengaRover.out>
ENTRY POINT SYMBOL: "resetISR"  address: 01017d21


MEMORY CONFIGURATION

         name            origin    length      used     unused   attr    fill
----------------------  --------  ---------  --------  --------  ----  --------
  FLASH_HDR             01000000   000007ff  00000000  000007ff  R  X
  FLASH                 01000800   000ff800  0001878c  000e7074  R  X
  SRAM                  20000000   00040000  0002ff6b  00010095  RW X


SEGMENT ALLOCATION MAP

run origin  load origin   length   init length attrs members
----------  ----------- ---------- ----------- ----- -------
01000800    01000800    00018790   00018790    r-x
  01000800    01000800    00000040   00000040    r-- .resetVecs
  01000840    01000840    00017b1a   00017b1a    r-x .text
  0101835c    0101835c    00000a62   00000a62    r-- .const
  01018dc0    01018dc0    000001d0   000001d0    r-- .cinit
20000400    20000400    0002f860   00000000    rw-
  20000400    20000400    0002eb6b   00000000    rw- .bss
  2002ef6c    2002ef6c    00000cf4   00000000    rw- .data
2003fc00    2003fc00    00000400   00000000    rw-
  2003fc00    2003fc00    00000400   00000000    rw- .stack


SECTION ALLOCATION MAP

 output                                  attributes/
section   page    origin      length       input sections
--------  ----  ----------  ----------   ----------------
.resetVecs 
*          0    01000800    00000040     
                  01000800    00000040     freertos_builds_CC3220SF_LAUNCHXL_release_ccs.lib : startup_cc32xx_ccs.obj (.resetVecs:retain)

.text      0    01000840    00017b1a     
                  01000840    00000a4e     rtsv7M4_T_le_eabi.lib : _printfi.c.obj (.text:__TI_printfi)
                  0100128e    00000002     ti_drivers_config.obj (.text:Board_initHook)
                  01001290    000008cc     simplelink.a : driver.obj (.text:_SlDrvMsgRead)
                  01001b5c    000004bc                  : sl_socket.obj (.text:_SlSocketHandleAsync_Select)
                  01002018    0000042c     driverlib.a : prcm.obj (.text:PRCMCC3200MCUInit)
                  01002444    00000384     simplelink.a : driver.obj (.text:_SlDrvMsgWrite)
                  010027c8    00000328     network_if.obj (.text:Network_IF_ConnectAP)
                  01002af0    00000328     parseJSON.obj (.text:parseJSON)
                  01002e18    0000031c     parseJSON.obj (.text:jsmn_parse)
                  01003134    000002e0     simplelink.a : driver.obj (.text:_SlDrvWaitForPoolObj)
                  01003414    000002d8                  : driver.obj (.text:_SlDrvRxHdrRead)
                  010036ec    000002b4                  : sl_socket.obj (.text:sl_Select)
                  010039a0    000002b0     mqtt_client_app.obj (.text:MqttClient_start)
                  01003c50    000002b0     mqtt_client_app.obj (.text:mainThread)
                  01003f00    00000294     simplelink.a : driver.obj (.text:_SlDrvReleasePoolObj)
                  01004194    0000028d     network_if.obj (.text:SimpleLinkSockEventHandler)
                  01004421    00000001     --HOLE-- [fill = 0]
                  01004422    00000002     driverlib.a : interrupt.obj (.text:IntDefaultHandler)
                  01004424    00000280     drivers_cc32xx.aem4 : UARTCC32XX.oem4 (.text:UARTCC32XX_open)
                  010046a4    0000027c     simplelink.a : wlan.obj (.text:sl_WlanConnect)
                  01004920    00000268     rtsv7M4_T_le_eabi.lib : _printfi.c.obj (.text:_pconv_a)
                  01004b88    00000264     network_if.obj (.text:Network_IF_InitDriver)
                  01004dec    0000025c     simplelink.a : driver.obj (.text:_SlDrvDataReadOp)
                  01005048    00000244     client_cbs.obj (.text:MqttClientCallback)
                  0100528c    00000224     simplelink.a : driver.obj (.text:_SlDrvDriverCBInit)
                  010054b0    00000218                  : driver.obj (.text:_SlDrvDataWriteOp)
                  010056c8    0000020c     drivers_cc32xx.aem4 : UARTCC32XXDMA.oem4 (.text:UARTCC32XXDMA_open)
                  010058d4    000001f4     simplelink.a : driver.obj (.text:_SlDrvMsgReadCmdCtx)
                  01005ac8    000001f2                  : netapp.obj (.text:_SlNetAppEventHandler)
                  01005cba    00000002     freertos_builds_CC3220SF_LAUNCHXL_release_ccs.lib : PowerCC32XX_freertos.obj (.text:PowerCC32XX_initPolicy)
                  01005cbc    000001e1     network_if.obj (.text:SimpleLinkFatalErrorEventHandler)
                  01005e9d    00000001     --HOLE-- [fill = 0]
                  01005e9e    00000002     drivers_cc32xx.aem4 : TimerCC32XX.oem4 (.text:TimerCC32XX_init)
                  01005ea0    000001d4                         : GPIOCC32XX.oem4 (.text:GPIO_setConfig)
                  01006074    000001d4     network_if.obj (.text:SimpleLinkWlanEventHandler)
                  01006248    000001d4     freertos_builds_CC3220SF_LAUNCHXL_release_ccs.lib : queue.obj (.text:xQueueSemaphoreTake)
                  0100641c    000001d0     drivers_cc32xx.aem4 : SPICC32XXDMA.oem4 (.text:SPICC32XXDMA_transfer)
                  010065ec    000001cc     rtsv7M4_T_le_eabi.lib : _printfi.c.obj (.text:_pconv_g)
                  010067b8    000001c8     simplelink.a : device.obj (.text:sl_Stop)
                  01006980    000001b8     drivers_cc32xx.aem4 : SPICC32XXDMA.oem4 (.text:configDMA)
                  01006b38    000001b8     freertos_builds_CC3220SF_LAUNCHXL_release_ccs.lib : queue.obj (.text:xQueueGenericSend)
                  01006cf0    000001b6     rtsv7M4_T_le_eabi.lib : fd_add_t2.asm.obj (.text)
                  01006ea6    00000002     drivers_cc32xx.aem4 : UARTCC32XXDMA.oem4 (.text:UARTCC32XXDMA_init)
                  01006ea8    000001b4     simplelink.a : driver.obj (.text:_SlDrvReleaseAllActivePendingPoolObj)
                  0100705c    000001b0     freertos_builds_CC3220SF_LAUNCHXL_release_ccs.lib : PowerCC32XX_freertos.obj (.text:PowerCC32XX_sleepPolicy)
                  0100720c    000001ac     simplelink.a : sl_socket.obj (.text:sl_Accept)
                  010073b8    00000198     slnetsock_release.a : slnetsock.oem4 (.text:SlNetSock_select)
                  01007550    0000018c     simplelink.a : sl_socket.obj (.text:_SlDrvRegisterForSelectAsync)
                  010076dc    0000018c     parseJSON.obj (.text:jsmn_parse_string)
                  01007868    00000184     simplelink.a : driver.obj (.text:_SlDrvFindAndSetActiveObj)
                  010079ec    00000180     network_if.obj (.text:SimpleLinkNetAppEventHandler)
                  01007b6c    00000180     freertos_builds_CC3220SF_LAUNCHXL_release_ccs.lib : queue.obj (.text:xQueueReceive)
                  01007cec    00000178                                                       : heap_4.obj (.text:pvPortMalloc)
                  01007e64    00000178     simplelink.a : sl_socket.obj (.text:sl_Connect)
                  01007fdc    00000170                  : netapp.obj (.text:sl_NetAppDnsGetHostByName)
                  0100814c    00000164     freertos_builds_CC3220SF_LAUNCHXL_release_ccs.lib : timers.obj (.text:prvProcessReceivedCommands)
                  010082b0    0000015a     mqtt_release.a : mqtt_net_func.oem4 (.text:createSocket)
                  0100840a    00000002     drivers_cc32xx.aem4 : UARTCC32XX.oem4 (.text:UARTCC32XX_init)
                  0100840c    00000158                         : SPICC32XXDMA.oem4 (.text:SPICC32XXDMA_open)
                  01008564    00000154     mqtt_release.a : mqttclient.oem4 (.text:MQTTClient_connect)
                  010086b8    00000154     simplelink.a : sl_socket.obj (.text:sl_RecvFrom)
                  0100880c    0000014c                  : sl_socket.obj (.text:sl_StartTLS)
                  01008958    00000148     drivers_cc32xx.aem4 : PowerCC32XX.oem4 (.text:parkPins)
                  01008aa0    00000140     simplelink.a : driver.obj (.text:_SlDrvMsgReadSpawnCtx)
                  01008be0    0000013c                  : driver.obj (.text:_SlDrvDriverCBDeinit)
                  01008d1c    0000013c                  : sl_socket.obj (.text:_SlDrvGetNextTimeoutValue)
                  01008e58    0000013c     rtsv7M4_T_le_eabi.lib : _printfi.c.obj (.text:_pconv_e)
                  01008f94    0000013c     freertos_builds_CC3220SF_LAUNCHXL_release_ccs.lib : tasks.obj (.text:xTaskIncrementTick)
                  010090d0    00000138     drivers_cc32xx.aem4 : PowerCC32XX.oem4 (.text:Power_sleep)
                  01009208    00000138     simplelink.a : driver.obj (.text:_SlSpawnMsgListInsert)
                  01009340    00000138     freertos_builds_CC3220SF_LAUNCHXL_release_ccs.lib : pthread.obj (.text:pthread_create)
                  01009478    00000136     rtsv7M4_T_le_eabi.lib : fd_div_t2.asm.obj (.text)
                  010095ae    00000002                           : _lock.c.obj (.text:_nop)
                  010095b0    00000134     simplelink.a : sl_socket.obj (.text:_SlSocketHandleAsync_StartTLS)
                  010096e4    0000012a     freertos_builds_CC3220SF_LAUNCHXL_release_ccs.lib : tasks.obj (.text:prvInitialiseNewTask)
                  0100980e    00000002                                                       : startup_cc32xx_ccs.obj (.text:busFaultHandler)
                  01009810    00000128     drivers_cc32xx.aem4 : TimerCC32XX.oem4 (.text:TimerCC32XX_open)
                  01009938    00000128     simplelink.a : driver.obj (.text:_SlDrvClassifyRxMsg)
                  01009a60    00000124                  : fs.obj (.text:sl_FsOpen)
                  01009b84    00000120     drivers_cc32xx.aem4 : UARTCC32XX.oem4 (.text:UARTCC32XX_close)
                  01009ca4    00000120     simplelink.a : driver.obj (.text:_SlDrvAsyncEventGenericHandler)
                  01009dc4    00000120     rtsv7M4_T_le_eabi.lib : _printfi.c.obj (.text:fcvt)
                  01009ee4    00000120     simplelink.a : device.obj (.text:sl_Start)
                  0100a004    0000011c     freertos_builds_CC3220SF_LAUNCHXL_release_ccs.lib : tasks.obj (.text:xTaskResumeAll)
                  0100a120    00000118     simplelink.a : netapp.obj (.text:_SlNetAppHandleAsync_DnsGetHostByService)
                  0100a238    00000114     freertos_builds_CC3220SF_LAUNCHXL_release_ccs.lib : tasks.obj (.text:vTaskPriorityDisinheritAfterTimeout)
                  0100a34c    00000112     mqtt_release.a : mqtt_common.oem4 (.text:MQTT_PacketRecv)
                  0100a45e    00000002     freertos_builds_CC3220SF_LAUNCHXL_release_ccs.lib : startup_cc32xx_ccs.obj (.text:defaultHandler)
                  0100a460    00000110     rtsv7M4_T_le_eabi.lib : strtoul.c.obj (.text:strtoul)
                  0100a570    0000010c     main_mqtt_task.obj (.text:mainMqttTask)
                  0100a67c    00000108     slnetsock_release.a : slnetutils.oem4 (.text:SlNetUtil_str2BinIpV6)
                  0100a784    00000104     simplelink.a : device.obj (.text:_SlDeviceEventHandler)
                  0100a888    00000104                  : driver.obj (.text:_SlDrvCmdOp)
                  0100a98c    00000104     freertos_builds_CC3220SF_LAUNCHXL_release_ccs.lib : queue.obj (.text:xQueueGenericSendFromISR)
                  0100aa90    00000100     mqtt_client_app.obj (.text:MqttClient)
                  0100ab90    00000100     simplelink.a : driver.obj (.text:_SlDrvObjGlobalLockWaitForever)
                  0100ac90    00000100                  : fs.obj (.text:sl_FsWrite)
                  0100ad90    000000fc     rtsv7M4_T_le_eabi.lib : fd_mul_t2.asm.obj (.text)
                  0100ae8c    000000fc     simplelink.a : sl_socket.obj (.text:sl_Close)
                  0100af88    000000fc     freertos_builds_CC3220SF_LAUNCHXL_release_ccs.lib : tasks.obj (.text:vTaskSuspend)
                  0100b084    000000f8     mqtt_client_app.obj (.text:Mqtt_IF_Connect)
                  0100b17c    000000f8     slnetifwifi.a : slnetifwifi.obj (.text:SlNetIfWifi_loadSecObj)
                  0100b274    000000f8     drivers_cc32xx.aem4 : UARTCC32XXDMA.oem4 (.text:UARTCC32XXDMA_close)
                  0100b36c    000000f8     mqtt_release.a : client_core.oem4 (.text:utf8ArraySend)
                  0100b464    000000f8     freertos_builds_CC3220SF_LAUNCHXL_release_ccs.lib : tasks.obj (.text:vTaskDelete)
                  0100b55c    000000f6     mqtt_release.a : mqtt_net_func.oem4 (.text:MQTTNet_commOpen)
                  0100b652    00000002     freertos_builds_CC3220SF_LAUNCHXL_release_ccs.lib : startup_cc32xx_ccs.obj (.text:faultISR)
                  0100b654    000000f4     simplelink.a : sl_socket.obj (.text:sl_SendTo)
                  0100b748    000000f2     drivers_cc32xx.aem4 : SPICC32XXDMA.oem4 (.text:SPICC32XXDMA_transferCancel)
                  0100b83a    000000f2                         : UARTCC32XX.oem4 (.text:UARTCC32XX_control)
                  0100b92c    000000f0     freertos_builds_CC3220SF_LAUNCHXL_release_ccs.lib : queue.obj (.text:xQueueGiveFromISR)
                  0100ba1c    000000e8     slnetsock_release.a : slnetif.oem4 (.text:SlNetIf_add)
                  0100bb04    000000e8     drivers_cc32xx.aem4 : UARTCC32XXDMA.oem4 (.text:initHw)
                  0100bbec    000000e8     freertos_builds_CC3220SF_LAUNCHXL_release_ccs.lib : tasks.obj (.text:xTaskPriorityInherit)
                  0100bcd4    000000e4     mqtt_client_app.obj (.text:Mqtt_Stop)
                  0100bdb8    000000e0     mqtt_release.a : mqttclient.oem4 (.text:MqttClientCtxCreate)
                  0100be98    000000e0     freertos_builds_CC3220SF_LAUNCHXL_release_ccs.lib : tasks.obj (.text:xTaskPriorityDisinherit)
                  0100bf78    000000de     mqtt_release.a : client_core.oem4 (.text:connectMsgSend)
                  0100c056    00000002     freertos_builds_CC3220SF_LAUNCHXL_release_ccs.lib : startup_cc32xx_ccs.obj (.text:nmiISR)
                  0100c058    000000dc                                                       : tasks.obj (.text:vTaskSwitchContext)
                  0100c134    000000d8     uart_term.obj (.text:GetCmd)
                  0100c20c    000000d8     mqtt_client_app.obj (.text:Mqtt_start)
                  0100c2e4    000000d8     drivers_cc32xx.aem4 : SPICC32XXDMA.oem4 (.text:SPICC32XXDMA_close)
                  0100c3bc    000000d8     simplelink.a : device.obj (.text:_SlDeviceHandleAsync_InitComplete)
                  0100c494    000000d8                  : driver.obj (.text:_SlDrvWaitForInternalAsyncEvent)
                  0100c56c    000000d8                  : netapp.obj (.text:_SlNetAppHandleAsync_NetAppReceive)
                  0100c644    000000d8     freertos_builds_CC3220SF_LAUNCHXL_release_ccs.lib : queue.obj (.text:xQueueReceiveFromISR)
                  0100c71c    000000d0     mqtt_client_app.obj (.text:SetClientIdNamefromMacAddress)
                  0100c7ec    000000d0     simplelink.a : driver.obj (.text:_SlDrvRemoveFromList)
                  0100c8bc    000000d0     rtsv7M4_T_le_eabi.lib : s_scalbn.c.obj (.text:scalbn)
                  0100c98c    000000cc     mqtt_release.a : mqttclient.oem4 (.text:processNotifyAckCB)
                  0100ca58    000000ca     drivers_cc32xx.aem4 : UARTCC32XX.oem4 (.text:UARTCC32XX_write)
                  0100cb22    000000c8     parseJSON.obj (.text:jsmn_parse_primitive)
                  0100cbea    000000c8     drivers_cc32xx.aem4 : SPICC32XXDMA.oem4 (.text:spiHwiFxn)
                  0100ccb2    00000002     rtsv7M4_T_le_eabi.lib : div0.asm.obj (.text)
                  0100ccb4    000000c4     drivers_cc32xx.aem4 : GPIOCC32XX.oem4 (.text:GPIO_init)
                  0100cd78    000000c4     freertos_builds_CC3220SF_LAUNCHXL_release_ccs.lib : tasks.obj (.text:prvAddNewTaskToReadyList)
                  0100ce3c    000000c0     mqtt_release.a : mqttclient.oem4 (.text:MqttClientSub)
                  0100cefc    000000c0     simplelink.a : cc_pal.obj (.text:NwpPowerOff)
                  0100cfbc    000000c0     uart_term.obj (.text:driveForward)
                  0100d07c    000000c0     drivers_cc32xx.aem4 : PowerCC32XX.oem4 (.text:restoreParkedPins)
                  0100d13c    000000c0     simplelink.a : netcfg.obj (.text:sl_NetCfgGet)
                  0100d1fc    000000c0     freertos_builds_CC3220SF_LAUNCHXL_release_ccs.lib : port.obj (.text:xPortStartScheduler)
                  0100d2bc    000000be                                                       : queue.obj (.text:prvCopyDataToQueue)
                  0100d37a    00000002     main_freertos.obj (.text:vApplicationMallocFailedHook)
                  0100d37c    000000bc     simplelink.a : netapp.obj (.text:_SlNetAppSendResponse)
                  0100d438    000000bc     mqtt_release.a : client_core.oem4 (.text:clCtxConnStateTryLocked)
                  0100d4f4    000000bc     freertos_builds_CC3220SF_LAUNCHXL_release_ccs.lib : heap_4.obj (.text:prvHeapInit)
                  0100d5b0    000000bc                                                       : timers.obj (.text:prvSwitchTimerLists)
                  0100d66c    000000bc     simplelink.a : sl_socket.obj (.text:sl_Send)
                  0100d728    000000ba     drivers_cc32xx.aem4 : UARTCC32XX.oem4 (.text:UARTCC32XX_readPolling)
                  0100d7e2    00000002     --HOLE-- [fill = 0]
                  0100d7e4    000000ba     freertos_builds_CC3220SF_LAUNCHXL_release_ccs.lib : portasm.obj (.text)
                  0100d89e    00000002     --HOLE-- [fill = 0]
                  0100d8a0    000000b8     drivers_cc32xx.aem4 : UARTCC32XXDMA.oem4 (.text:UARTCC32XXDMA_configDMA)
                  0100d958    000000b8     simplelink.a : netapp.obj (.text:_SlNetAppHandleAsync_DnsGetHostByName)
                  0100da10    000000b8                  : netapp.obj (.text:_SlNetAppHandleAsync_PingResponse)
                  0100dac8    000000b8     drivers_cc32xx.aem4 : UARTCC32XX.oem4 (.text:initHw)
                  0100db80    000000b8     simplelink.a : wlan.obj (.text:sl_WlanGet)
                  0100dc38    000000b8     freertos_builds_CC3220SF_LAUNCHXL_release_ccs.lib : queue.obj (.text:xQueueGenericReset)
                  0100dcf0    000000b6     drivers_cc32xx.aem4 : UARTCC32XX.oem4 (.text:readTaskCallback)
                  0100dda6    00000002     --HOLE-- [fill = 0]
                  0100dda8    000000b4     mqtt_release.a : mqttclient.oem4 (.text:MqttClient_send)
                  0100de5c    000000b4     drivers_cc32xx.aem4 : UARTCC32XXDMA.oem4 (.text:UARTCC32XXDMA_hwiIntFxn)
                  0100df10    000000b4     simplelink.a : driver.obj (.text:_SlDrvHandleFatalError)
                  0100dfc4    000000b4                  : netutil.obj (.text:_SlNetUtilHandleAsync_Cmd)
                  0100e078    000000b4     freertos_builds_CC3220SF_LAUNCHXL_release_ccs.lib : clock.obj (.text:_clock_abstime2ticks)
                  0100e12c    000000b4     simplelink.a : sl_socket.obj (.text:sl_GetSockOpt)
                  0100e1e0    000000b1     mqtt_client_app.obj (.text:MqttClientThread)
                  0100e291    00000003     --HOLE-- [fill = 0]
                  0100e294    000000b1     rtsv7M4_T_le_eabi.lib : _printfi.c.obj (.text:_ltostr)
                  0100e345    00000003     --HOLE-- [fill = 0]
                  0100e348    000000b0     slnetifwifi.a : slnetifwifi.obj (.text:SlNetIfWifi_getSockOpt)
                  0100e3f8    000000b0     freertos_builds_CC3220SF_LAUNCHXL_release_ccs.lib : tasks.obj (.text:prvAddCurrentTaskToDelayedList)
                  0100e4a8    000000b0                                                       : tasks.obj (.text:xTaskCheckForTimeOut)
                  0100e558    000000af     parseJSON.obj (.text:generateChecksum)
                  0100e607    00000001     --HOLE-- [fill = 0]
                  0100e608    000000ae     slnetifwifi.a : slnetifwifi.obj (.text:matchModeByRole)
                  0100e6b6    000000ae     freertos_builds_CC3220SF_LAUNCHXL_release_ccs.lib : queue.obj (.text:prvUnlockQueue)
                  0100e764    000000ae     drivers_cc32xx.aem4 : UARTCC32XX.oem4 (.text:readIsrTextBlocking)
                  0100e812    00000002     --HOLE-- [fill = 0]
                  0100e814    000000ac     simplelink.a : sl_socket.obj (.text:_SlSocketHandleAsync_Close)
                  0100e8c0    000000ac                  : sl_socket.obj (.text:_SlSocketHandleAsync_Connect)
                  0100e96c    000000ac     freertos_builds_CC3220SF_LAUNCHXL_release_ccs.lib : clock.obj (.text:clock_gettime)
                  0100ea18    000000a8     driverlib.a : interrupt.obj (.text:IntDisable)
                  0100eac0    000000a8                 : interrupt.obj (.text:IntEnable)
                  0100eb68    000000a8     network_if.obj (.text:Network_IF_IpConfigGet)
                  0100ec10    000000a8     driverlib.a : prcm.obj (.text:PRCMPeripheralClockGet)
                  0100ecb8    000000a8     drivers_cc32xx.aem4 : PowerCC32XX.oem4 (.text:PowerCC32XX_configureWakeup)
                  0100ed60    000000a8     freertos_builds_CC3220SF_LAUNCHXL_release_ccs.lib : heap_4.obj (.text:prvInsertBlockIntoFreeList)
                  0100ee08    000000a8     drivers_cc32xx.aem4 : UARTCC32XX.oem4 (.text:readTaskBlocking)
                  0100eeb0    000000a8     simplelink.a : fs.obj (.text:sl_FsClose)
                  0100ef58    000000a8     freertos_builds_CC3220SF_LAUNCHXL_release_ccs.lib : tasks.obj (.text:xTaskRemoveFromEventList)
                  0100f000    000000a6     simplelink.a : driver.obj (.text:_SlDrvIsTimeoutExpired)
                  0100f0a6    00000002     --HOLE-- [fill = 0]
                  0100f0a8    000000a4     mqtt_release.a : mqttclient.oem4 (.text:MQTTClient_create)
                  0100f14c    000000a4                    : mqttclient.oem4 (.text:MqttClientConfig)
                  0100f1f0    000000a4     simplelink.a : sl_socket.obj (.text:sl_Bind)
                  0100f294    000000a2     drivers_cc32xx.aem4 : UARTCC32XX.oem4 (.text:readIsrTextCallback)
                  0100f336    000000a2                         : UARTCC32XX.oem4 (.text:writeData)
                  0100f3d8    000000a0     freertos_builds_CC3220SF_LAUNCHXL_release_ccs.lib : ClockP_freertos.obj (.text:ClockP_create)
                  0100f478    000000a0     simplelink.a : fs.obj (.text:FsGetCreateFsMode)
                  0100f518    000000a0     mqtt_release.a : mqttclient.oem4 (.text:MQTTClient_delete)
                  0100f5b8    000000a0     simplelink.a : sl_socket.obj (.text:_SlDrvUnRegisterForSelectAsync)
                  0100f658    000000a0                  : driver.obj (.text:_SlSpawnMsgListProcess)
                  0100f6f8    000000a0     mqtt_client_app.obj (.text:sendMQTTJSON)
                  0100f798    0000009e     simplelink.a : cc_pal.obj (.text:spi_Read)
                  0100f836    0000009e                  : cc_pal.obj (.text:spi_Write)
                  0100f8d4    0000009c     mqtt_release.a : client_core.oem4 (.text:MQTTClientCore_initLib)
                  0100f970    0000009c                    : client_core.oem4 (.text:MQTTClientCore_sendPubMsg)
                  0100fa0c    0000009c                    : mqttclient.oem4 (.text:MqttClientUnsub)
                  0100faa8    0000009c     mqtt_client_app.obj (.text:Mqtt_ClientStop)
                  0100fb44    0000009c     mqtt_release.a : client_core.oem4 (.text:_msgDispatch)
                  0100fbe0    0000009c     rtsv7M4_T_le_eabi.lib : memcpy_t2.asm.obj (.text)
                  0100fc7c    0000009c     freertos_builds_CC3220SF_LAUNCHXL_release_ccs.lib : heap_4.obj (.text:vPortFree)
                  0100fd18    0000009a     mqtt_release.a : client_core.oem4 (.text:procPubMsgRx)
                  0100fdb2    00000098     uart_term.obj (.text:TrimSpace)
                  0100fe4a    00000002     --HOLE-- [fill = 0]
                  0100fe4c    00000098     drivers_cc32xx.aem4 : GPIOCC32XX.oem4 (.text:powerNotifyFxn)
                  0100fee4    00000096     mqtt_release.a : mqtt_net_func.oem4 (.text:MQTTNet_tcpSelect)
                  0100ff7a    00000096     rtsv7M4_T_le_eabi.lib : ull_div_t2.asm.obj (.text)
                  01010010    00000094     simplelink.a : cc_pal.obj (.text:Semaphore_pend_handle)
                  010100a4    00000094     drivers_cc32xx.aem4 : SPICC32XXDMA.oem4 (.text:initHw)
                  01010138    00000094     freertos_builds_CC3220SF_LAUNCHXL_release_ccs.lib : tasks.obj (.text:vTaskStartScheduler)
                  010101cc    00000092     slnetsock_release.a : slnetsock.oem4 (.text:SlNetSock_create)
                  0101025e    00000002     --HOLE-- [fill = 0]
                  01010260    00000090                         : slnetsock.oem4 (.text:SlNetSock_getVirtualSdConf)
                  010102f0    00000090     simplelink.a : device.obj (.text:_SlDeviceHandleAsync_Stop)
                  01010380    00000090                  : sl_socket.obj (.text:_SlSocketHandleAsync_Accept)
                  01010410    00000090     mqtt_release.a : mqttclient.oem4 (.text:processPublishRxCB)
                  010104a0    00000090     drivers_cc32xx.aem4 : PowerCC32XX.oem4 (.text:restoreNVICRegs)
                  01010530    0000008e     debug.obj (.text:dbgOutputLoc)
                  010105be    00000002     --HOLE-- [fill = 0]
                  010105c0    0000008c     mqtt_release.a : client_core.oem4 (.text:MQTTClientCore_createCtx)
                  0101064c    0000008c     slnetsock_release.a : slnetsock.oem4 (.text:SlNetSock_accept)
                  010106d8    0000008c     drivers_cc32xx.aem4 : UARTCC32XXDMA.oem4 (.text:UARTCC32XXDMA_write)
                  01010764    0000008c     simplelink.a : driver.obj (.text:_SlDrvDriverIsApiAllowed)
                  010107f0    0000008c     freertos_builds_CC3220SF_LAUNCHXL_release_ccs.lib : clock.obj (.text:_clock_gettimeMono)
                  0101087c    0000008c     simplelink.a : sl_socket.obj (.text:sl_Recv)
                  01010908    00000088     driverlib.a : pin.obj (.text:PinConfigSet)
                  01010990    00000088     drivers_cc32xx.aem4 : TimerCC32XX.oem4 (.text:TimerCC32XX_setPeriod)
                  01010a18    00000088     simplelink.a : driver.obj (.text:_SlDrvProtectAsyncRespSetting)
                  01010aa0    00000088     mqtt_release.a : client_core.oem4 (.text:procConnackRx)
                  01010b28    00000088     freertos_builds_CC3220SF_LAUNCHXL_release_ccs.lib : timers.obj (.text:prvProcessTimerOrBlockTask)
                  01010bb0    00000088     simplelink.a : eventreg.obj (.text:sl_UnregisterLibsEventHandler)
                  01010c38    00000088     mqtt_release.a : client_core.oem4 (.text:wrConnectPayload)
                  01010cc0    00000086     rtsv7M4_T_le_eabi.lib : fd_cmp_t2.asm.obj (.text:__aeabi_cdcmple)
                  01010d46    00000086                           : fd_cmp_t2.asm.obj (.text:__aeabi_cdrcmple)
                  01010dcc    00000084     drivers_cc32xx.aem4 : PowerCC32XX.oem4 (.text:Power_init)
                  01010e50    00000084     slnetifwifi.a : slnetifwifi.obj (.text:SlNetIfWifi_sockstartSec)
                  01010ed4    00000084     slnetsock_release.a : slnetutils.oem4 (.text:SlNetUtil_getHostByName)
                  01010f58    00000084     mqtt_release.a : client_core.oem4 (.text:mqpSetupProcCtxDataRecv)
                  01010fdc    00000084     drivers_cc32xx.aem4 : PowerCC32XX.oem4 (.text:saveNVICRegs)
                  01011060    00000084     simplelink.a : sl_socket.obj (.text:sl_SetSockOpt)
                  010110e4    00000084     freertos_builds_CC3220SF_LAUNCHXL_release_ccs.lib : timers.obj (.text:xTimerGenericCommand)
                  01011168    00000080     drivers_cc32xx.aem4 : PowerCC32XX.oem4 (.text:Power_setDependency)
                  010111e8    00000080                         : UARTCC32XXDMA.oem4 (.text:UARTCC32XXDMA_read)
                  01011268    00000080     mqtt_release.a : client_core.oem4 (.text:clCtxPartSend)
                  010112e8    00000080     freertos_builds_CC3220SF_LAUNCHXL_release_ccs.lib : timers.obj (.text:prvProcessExpiredTimer)
                  01011368    0000007c     drivers_cc32xx.aem4 : UDMACC32XX.oem4 (.text:UDMACC32XX_open)
                  010113e4    0000007c     mqtt_release.a : client_core.oem4 (.text:procCtxDataRecv)
                  01011460    0000007c     drivers_cc32xx.aem4 : UARTCC32XX.oem4 (.text:readIsrBinaryBlocking)
                  010114dc    0000007a                         : UARTCC32XXDMA.oem4 (.text:UARTCC32XXDMA_readPolling)
                  01011556    0000007a     freertos_builds_CC3220SF_LAUNCHXL_release_ccs.lib : pthread.obj (.text:removeThreadKeys)
                  010115d0    0000007a     rtsv7M4_T_le_eabi.lib : memset_t2.asm.obj (.text)
                  0101164a    0000007a     freertos_builds_CC3220SF_LAUNCHXL_release_ccs.lib : tasks.obj (.text:xTaskCreate)
                  010116c4    00000078     drivers_cc32xx.aem4 : GPIOCC32XX.oem4 (.text:GPIO_hwiIntFxn)
                  0101173c    00000078     mqtt_release.a : mqtt_net_func.oem4 (.text:MQTTNet_recvFrom)
                  010117b4    00000078     drivers_cc32xx.aem4 : TimerCC32XX.oem4 (.text:TimerCC32XX_start)
                  0101182c    00000078     freertos_builds_CC3220SF_LAUNCHXL_release_ccs.lib : timers.obj (.text:prvInsertTimerInActiveList)
                  010118a4    00000078     drivers_cc32xx.aem4 : UARTCC32XX.oem4 (.text:readIsrBinaryCallback)
                  0101191c    00000078     simplelink.a : sl_socket.obj (.text:sl_Socket)
                  01011994    00000074     mqtt_release.a : mqtt_net_func.oem4 (.text:MQTTNet_tcpAccept)
                  01011a08    00000074     slnetsock_release.a : slnetsock.oem4 (.text:SlNetSock_AllocVirtualSocket)
                  01011a7c    00000074     drivers_cc32xx.aem4 : UARTCC32XX.oem4 (.text:UARTCC32XX_hwiIntFxn)
                  01011af0    00000074     mqtt_release.a : client_core.oem4 (.text:groupCtxsRxPrep)
                  01011b64    00000074     freertos_builds_CC3220SF_LAUNCHXL_release_ccs.lib : tasks.obj (.text:prvInitialiseTaskLists)
                  01011bd8    00000074                                                       : pthread_mutex.obj (.text:pthread_mutex_init)
                  01011c4c    00000074                                                       : port.obj (.text:vPortValidateInterruptPriority)
                  01011cc0    00000072     mqtt_release.a : mqtt_common.oem4 (.text:MQTT_packetProcPubRx)
                  01011d32    00000002     --HOLE-- [fill = 0]
                  01011d34    00000070     simplelink.a : driver.obj (.text:_SlDrvCmdSend_noLock)
                  01011da4    00000070     freertos_builds_CC3220SF_LAUNCHXL_release_ccs.lib : ClockP_freertos.obj (.text:setClockObjTimeout)
                  01011e14    0000006e     rtsv7M4_T_le_eabi.lib : _printfi.c.obj (.text:_mcpy)
                  01011e82    00000002     --HOLE-- [fill = 0]
                  01011e84    0000006c     mqtt_release.a : mqttclient.oem4 (.text:MQTTClient_run)
                  01011ef0    0000006c     slnetsock_release.a : slnetutils.oem4 (.text:SlNetUtil_str2BinIpV4)
                  01011f5c    0000006c     simplelink.a : device.obj (.text:_SlDeviceHandleResetRequestInternally)
                  01011fc8    0000006c                  : sl_socket.obj (.text:_SlDrvOpenCtrlSocket)
                  01012034    0000006c                  : netapp.obj (.text:_SlNetAppSendTokenValue)
                  010120a0    0000006a     mqtt_release.a : mqtt_net_func.oem4 (.text:MQTTNet_sendTo)
                  0101210a    0000006a     freertos_builds_CC3220SF_LAUNCHXL_release_ccs.lib : queue.obj (.text:xQueueGenericCreate)
                  01012174    00000068     mqtt_release.a : mqtt_common.oem4 (.text:MQTT_qos2PubCqUnlog)
                  010121dc    00000068     simplelink.a : driver.obj (.text:_SlSpawnMsgListGetCount)
                  01012244    00000068     mqtt_client_app.obj (.text:createMotorThread)
                  010122ac    00000068     rtsv7M4_T_le_eabi.lib : copy_decompress_lzss.c.obj (.text:decompress:lzss:__TI_decompress_lzss)
                  01012314    00000068     debug.obj (.text:initGPIO)
                  0101237c    00000068     main_freertos.obj (.text:main)
                  010123e4    00000068     simplelink.a : cc_pal.obj (.text:spi_Open)
                  0101244c    00000068     mqtt_client_app.obj (.text:startMainMQTTTask)
                  010124b4    00000066     drivers_cc32xx.aem4 : UARTCC32XX.oem4 (.text:UARTCC32XX_writeCancel)
                  0101251a    00000066     freertos_builds_CC3220SF_LAUNCHXL_release_ccs.lib : timers.obj (.text:prvInitialiseNewTimer)
                  01012580    00000066                                                       : list.obj (.text:vListInsert)
                  010125e6    00000002     --HOLE-- [fill = 0]
                  010125e8    00000064                                                       : ClockP_freertos.obj (.text:ClockP_stop)
                  0101264c    00000064     drivers_cc32xx.aem4 : GPIOCC32XX.oem4 (.text:GPIO_toggle)
                  010126b0    00000064     mqtt_release.a : mqtt_common.oem4 (.text:MQTT_packetPubAppendTopic)
                  01012714    00000064     drivers_cc32xx.aem4 : PowerCC32XX.oem4 (.text:PowerCC32XX_setParkState)
                  01012778    00000064     freertos_builds_CC3220SF_LAUNCHXL_release_ccs.lib : pthread_mutex.obj (.text:acquireMutex)
                  010127dc    00000064     mqtt_release.a : client_core.oem4 (.text:clientReset)
                  01012840    00000064                    : client_core.oem4 (.text:doNetClose)
                  010128a4    00000064     freertos_builds_CC3220SF_LAUNCHXL_release_ccs.lib : tasks.obj (.text:prvGetExpectedIdleTime)
                  01012908    00000062     drivers_cc32xx.aem4 : UARTCC32XX.oem4 (.text:UARTCC32XX_writePolling)
                  0101296a    00000002     --HOLE-- [fill = 0]
                  0101296c    00000060     freertos_builds_CC3220SF_LAUNCHXL_release_ccs.lib : HwiPCC32XX_freertos.obj (.text:HwiP_create)
                  010129cc    00000060     driverlib.a : prcm.obj (.text:PRCMSysResetCauseGet)
                  01012a2c    00000060     slnetsock_release.a : slnetsock.oem4 (.text:SlNetSock_recvFrom)
                  01012a8c    00000060                         : slnetsock.oem4 (.text:SlNetSock_sendTo)
                  01012aec    00000060     drivers_cc32xx.aem4 : UARTCC32XXDMA.oem4 (.text:UARTCC32XXDMA_control)
                  01012b4c    00000060     freertos_builds_CC3220SF_LAUNCHXL_release_ccs.lib : pthread_mutex.obj (.text:pthread_mutex_unlock)
                  01012bac    0000005e     slnetifwifi.a : slnetifwifi.obj (.text:SlNetIfWifi_setSockOpt)
                  01012c0a    0000005e     freertos_builds_CC3220SF_LAUNCHXL_release_ccs.lib : semaphore.obj (.text:sem_timedwait)
                  01012c68    0000005c     drivers_cc32xx.aem4 : GPIOCC32XX.oem4 (.text:GPIO_setCallback)
                  01012cc4    0000005c     mqtt_release.a : client_core.oem4 (.text:MQTTClientCore_exitLib)
                  01012d20    0000005c                    : mqtt_net_func.oem4 (.text:MQTTNet_tcpListen)
                  01012d7c    0000005c     simplelink.a : spawn.obj (.text:_SlInternalSpawn)
                  01012dd8    0000005c     freertos_builds_CC3220SF_LAUNCHXL_release_ccs.lib : memory.obj (.text:calloc)
                  01012e34    0000005c     rtsv7M4_T_le_eabi.lib : s_frexp.c.obj (.text:frexp)
                  01012e90    0000005c     freertos_builds_CC3220SF_LAUNCHXL_release_ccs.lib : tasks.obj (.text:prvIdleTask)
                  01012eec    0000005c                                                       : pthread.obj (.text:pthread_exit)
                  01012f48    0000005c                                                       : queue.obj (.text:vQueueWaitForMessageRestricted)
                  01012fa4    0000005c                                                       : tasks.obj (.text:vTaskDelay)
                  01013000    00000058     drivers_cc32xx.aem4 : GPIOCC32XX.oem4 (.text:GPIO_write)
                  01013058    00000058     driverlib.a : interrupt.obj (.text:IntPendClear)
                  010130b0    00000058                 : prcm.obj (.text:PRCMPeripheralReset)
                  01013108    00000058     drivers_cc32xx.aem4 : PowerCC32XX.oem4 (.text:Power_releaseDependency)
                  01013160    00000058     slnetsock_release.a : slnetsock.oem4 (.text:SlNetSock_recv)
                  010131b8    00000058                         : slnetsock.oem4 (.text:SlNetSock_send)
                  01013210    00000058     simplelink.a : sl_socket.obj (.text:_SlDrvClearCtrlSocket)
                  01013268    00000058     mqtt_release.a : client_core.oem4 (.text:clRecv)
                  010132c0    00000058     freertos_builds_CC3220SF_LAUNCHXL_release_ccs.lib : tasks.obj (.text:eTaskConfirmSleepModeStatus)
                  01013318    00000058     mqtt_release.a : client_core.oem4 (.text:singleCtxKaSequence)
                  01013370    00000058     simplelink.a : sl_socket.obj (.text:sl_Listen)
                  010133c8    00000058                  : eventreg.obj (.text:sl_RegisterLibsEventHandler)
                  01013420    00000058     freertos_builds_CC3220SF_LAUNCHXL_release_ccs.lib : port.obj (.text:vPortSetupTimerInterrupt)
                  01013478    00000058                                                       : queue.obj (.text:xQueueCreateCountingSemaphore)
                  010134d0    00000058                                                       : queue.obj (.text:xQueueTakeMutexRecursive)
                  01013528    00000056     mqtt_release.a : mqtt_common.oem4 (.text:MQTT_packetPubAppendData)
                  0101357e    00000056     freertos_builds_CC3220SF_LAUNCHXL_release_ccs.lib : SemaphoreP_freertos.obj (.text:SemaphoreP_create)
                  010135d4    00000056     drivers_cc32xx.aem4 : TimerCC32XX.oem4 (.text:TimerCC32XX_stop)
                  0101362a    00000056     rtsv7M4_T_le_eabi.lib : _printfi.c.obj (.text:_pconv_f)
                  01013680    00000056     mqtt_release.a : client_core.oem4 (.text:procAckMsgRx)
                  010136d6    00000002     --HOLE-- [fill = 0]
                  010136d8    00000054     freertos_builds_CC3220SF_LAUNCHXL_release_ccs.lib : ClockP_freertos.obj (.text:ClockP_delete)
                  0101372c    00000054     uart_term.obj (.text:InitTerm)
                  01013780    00000054     driverlib.a : interrupt.obj (.text:IntPrioritySet)
                  010137d4    00000054     mqtt_release.a : client_core.oem4 (.text:MQTTClientCore_deleteCtx)
                  01013828    00000054                    : client_core.oem4 (.text:MQTTClientCore_sendDisconn)
                  0101387c    00000054     simplelink.a : driver.obj (.text:_SlDrvRxIrqHandler)
                  010138d0    00000054     mqtt_release.a : client_core.oem4 (.text:grpNetSetupCreate)
                  01013924    00000054     rtsv7M4_T_le_eabi.lib : ltoa.c.obj (.text:ltoa)
                  01013978    00000054     drivers_cc32xx.aem4 : UARTCC32XX.oem4 (.text:ringBufGet)
                  010139cc    00000054     freertos_builds_CC3220SF_LAUNCHXL_release_ccs.lib : timers.obj (.text:xTimerCreateTimerTask)
                  01013a20    00000052     drivers_cc32xx.aem4 : PowerCC32XX_asm.oem4 (.text:PowerCC32XX_resumeLPDS)
                  01013a72    00000052     rtsv7M4_T_le_eabi.lib : _printfi.c.obj (.text:_ecpy)
                  01013ac4    00000052     drivers_cc32xx.aem4 : TimerCC32XX.oem4 (.text:initHw)
                  01013b16    00000002     --HOLE-- [fill = 0]
                  01013b18    00000050     simplelink.a : cc_pal.obj (.text:NwpRegisterInterruptHandler)
                  01013b68    00000050     slnetsock_release.a : slnetif.oem4 (.text:SlNetIf_queryIf)
                  01013bb8    00000050     drivers_cc32xx.aem4 : TimerCC32XX.oem4 (.text:TimerCC32XX_allocateTimerResource)
                  01013c08    00000050                         : UARTCC32XXDMA.oem4 (.text:UARTCC32XXDMA_writePolling)
                  01013c58    00000050     simplelink.a : sl_socket.obj (.text:_SlDrvCloseCtrlSocket)
                  01013ca8    00000050                  : driver.obj (.text:_SlDrvCmdSend_noWait)
                  01013cf8    00000050                  : driver.obj (.text:_SlDrvUpdateApiInProgress)
                  01013d48    00000050                  : spawn.obj (.text:_SlInternalSpawnTaskEntry)
                  01013d98    00000050                  : eventreg.obj (.text:_SlNetAppHttpServerHdlr)
                  01013de8    00000050                  : eventreg.obj (.text:_SlNetAppRequestHdlr)
                  01013e38    00000050     mqtt_release.a : client_core.oem4 (.text:_procAckMsgRx)
                  01013e88    00000050     publish_timer.obj (.text:pTimerFunct)
                  01013ed8    00000050     freertos_builds_CC3220SF_LAUNCHXL_release_ccs.lib : port.obj (.text:pxPortInitialiseStack)
                  01013f28    00000050                                                       : semaphore.obj (.text:sem_init)
                  01013f78    00000050                                                       : queue.obj (.text:xQueueGiveMutexRecursive)
                  01013fc8    0000004e     mqtt_release.a : client_core.oem4 (.text:MQTTClientCore_registerWillInfo)
                  01014016    0000004e     drivers_cc32xx.aem4 : UARTCC32XXDMA.oem4 (.text:writeCancel)
                  01014064    0000004c                         : GPIOCC32XX.oem4 (.text:GPIO_enableInt)
                  010140b0    0000004c     simplelink.a : cc_pal.obj (.text:NwpWaitForShutDownInd)
                  010140fc    0000004c     drivers_cc32xx.aem4 : PowerCC32XX.oem4 (.text:PowerCC32XX_parkPin)
                  01014148    0000004c     slnetifwifi.a : slnetifwifi.obj (.text:SlNetIfWifi_getConnectionStatus)
                  01014194    0000004c     slnetsock_release.a : slnetsock.oem4 (.text:SlNetSock_freeVirtualSocket)
                  010141e0    0000004c                         : slnetsock.oem4 (.text:SlNetSock_startSec)
                  0101422c    0000004c     mqtt_release.a : client_core.oem4 (.text:ack1WlMqpDispatch)
                  01014278    0000004c     rtsv7M4_T_le_eabi.lib : atoi.c.obj (.text:atoi)
                  010142c4    0000004c     freertos_builds_CC3220SF_LAUNCHXL_release_ccs.lib : startup_cc32xx_ccs.obj (.text:initVectors)
                  01014310    0000004c     mqtt_release.a : client_core.oem4 (.text:loopbTrigger)
                  0101435c    0000004c     freertos_builds_CC3220SF_LAUNCHXL_release_ccs.lib : timers.obj (.text:prvCheckForValidListAndQueue)
                  010143a8    0000004c                                                       : tasks.obj (.text:prvCheckTasksWaitingTermination)
                  010143f4    0000004c     drivers_cc32xx.aem4 : PowerCC32XX.oem4 (.text:restorePeriphClocks)
                  01014440    0000004c     mqtt_release.a : client_core.oem4 (.text:singleCtxRxPrep)
                  0101448c    0000004c     simplelink.a : wlan.obj (.text:sl_WlanSetMode)
                  010144d8    0000004c     rtsv7M4_T_le_eabi.lib : snprintf.c.obj (.text:snprintf)
                  01014524    0000004c     freertos_builds_CC3220SF_LAUNCHXL_release_ccs.lib : port.obj (.text:vPortEnterCritical)
                  01014570    0000004a     mqtt_release.a : client_core.oem4 (.text:clCtxRecv)
                  010145ba    0000004a     drivers_cc32xx.aem4 : UARTCC32XXDMA.oem4 (.text:readCancel)
                  01014604    00000048     driverlib.a : flash.obj (.text:FlashDisable)
                  0101464c    00000048     freertos_builds_CC3220SF_LAUNCHXL_release_ccs.lib : HwiPCC32XX_freertos.obj (.text:HwiP_dispatch)
                  01014694    00000048     mqtt_release.a : mqttclient.oem4 (.text:MQTTClient_set)
                  010146dc    00000048     driverlib.a : prcm.obj (.text:PRCMLPDSEnter)
                  01014724    00000048                 : prcm.obj (.text:PRCMPeripheralClkEnable)
                  0101476c    00000048     drivers_cc32xx.aem4 : PowerCC32XX.oem4 (.text:Power_releaseConstraint)
                  010147b4    00000048     slnetsock_release.a : slnetsock.oem4 (.text:SlNetSock_connect)
                  010147fc    00000048                         : slnetsock.oem4 (.text:SlNetSock_init)
                  01014844    00000048                         : slnetsock.oem4 (.text:SlNetSock_setOpt)
                  0101488c    00000048     simplelink.a : eventreg.obj (.text:_SlDeviceFatalErrorEvtHdlr)
                  010148d4    00000048                  : eventreg.obj (.text:_SlDeviceGeneralEvtHdlr)
                  0101491c    00000048                  : driver.obj (.text:_SlDrvBasicCmd)
                  01014964    00000048                  : driver.obj (.text:_SlDrvSyncObjWaitTimeout)
                  010149ac    00000048                  : eventreg.obj (.text:_SlNetAppEvtHdlr)
                  010149f4    00000048                  : eventreg.obj (.text:_SlNetAppRequestMemFree)
                  01014a3c    00000048                  : eventreg.obj (.text:_SlSockEvtHdlr)
                  01014a84    00000048                  : eventreg.obj (.text:_SlWlanEvtHdlr)
                  01014acc    00000048     mqtt_release.a : client_core.oem4 (.text:bufUTF8WrTry)
                  01014b14    00000048                    : client_core.oem4 (.text:clCtxSetup)
                  01014b5c    00000048     parseJSON.obj (.text:jsoneq)
                  01014ba4    00000048     rtsv7M4_T_le_eabi.lib : fd_toi_t2.asm.obj (.text)
                  01014bec    00000048     freertos_builds_CC3220SF_LAUNCHXL_release_ccs.lib : sleep.obj (.text:sleep)
                  01014c34    00000048                                                       : list.obj (.text:uxListRemove)
                  01014c7c    00000048     mqtt_release.a : client_core.oem4 (.text:wrConnectVh)
                  01014cc4    00000046     drivers_cc32xx.aem4 : RingBuf.oem4 (.text:RingBuf_put)
                  01014d0a    00000046                         : TimerCC32XX.oem4 (.text:getPrescaler)
                  01014d50    00000044     mqtt_release.a : client_core.oem4 (.text:MQTTClientCore_run)
                  01014d94    00000044                    : mqtt_net_func.oem4 (.text:MQTTNet_tcpRecv)
                  01014dd8    00000044                    : mqttclient.oem4 (.text:MqttClientCtxDelete)
                  01014e1c    00000044     driverlib.a : prcm.obj (.text:PRCMLPDSRestoreInfoSet)
                  01014e60    00000044     drivers_cc32xx.aem4 : PowerCC32XX_asm.oem4 (.text:PowerCC32XX_enterLPDS)
                  01014ea4    00000044                         : SPI.oem4 (.text:SPI_init)
                  01014ee8    00000044     slnetsock_release.a : slnetutils.oem4 (.text:SlNetUtil_strTok)
                  01014f2c    00000044     drivers_cc32xx.aem4 : Timer.oem4 (.text:Timer_init)
                  01014f70    00000044                         : UART.oem4 (.text:UART_init)
                  01014fb4    00000044     rtsv7M4_T_le_eabi.lib : autoinit.c.obj (.text:__TI_auto_init_nobinit_nopinit:__TI_auto_init_nobinit_nopinit)
                  01014ff8    00000044     freertos_builds_CC3220SF_LAUNCHXL_release_ccs.lib : queue.obj (.text:prvInitialiseNewQueue)
                  0101503c    00000044     eventQueue.obj (.text:sendMsgToEventQueue)
                  01015080    00000044     pubSubQueue.obj (.text:sendMsgToPSQueue)
                  010150c4    00000044     freertos_builds_CC3220SF_LAUNCHXL_release_ccs.lib : tasks.obj (.text:vTaskStepTick)
                  01015108    00000044     mqtt_release.a : client_core.oem4 (.text:vhMsgSend)
                  0101514c    00000042                    : mqtt_common.oem4 (.text:MQTT_packetBufRdRemlen)
                  0101518e    00000042     freertos_builds_CC3220SF_LAUNCHXL_release_ccs.lib : memory.obj (.text:malloc)
                  010151d0    00000040     simplelink.a : sl_socket.obj (.text:CountSetBits)
                  01015210    00000040     mqtt_release.a : client_core.oem4 (.text:MQTTClientCore_registerCtxInfo)
                  01015250    00000040     driverlib.a : pin.obj (.text:PinModeSet)
                  01015290    00000040     drivers_cc32xx.aem4 : RingBuf.oem4 (.text:RingBuf_get)
                  010152d0    00000040                         : SPI.oem4 (.text:SPI_open)
                  01015310    00000040     network_if.obj (.text:SimpleLinkGeneralEventHandler)
                  01015350    00000040     slnetsock_release.a : slnetsock.oem4 (.text:SlNetSock_bind)
                  01015390    00000040                         : slnetsock.oem4 (.text:SlNetSock_secAttribSet)
                  010153d0    00000040     drivers_cc32xx.aem4 : Timer.oem4 (.text:Timer_open)
                  01015410    00000040                         : UARTCC32XX.oem4 (.text:UARTCC32XX_read)
                  01015450    00000040                         : UART.oem4 (.text:UART_open)
                  01015490    00000040                         : UDMACC32XX.oem4 (.text:UDMACC32XX_init)
                  010154d0    00000040     simplelink.a : driver.obj (.text:_SlDrvGlobalObjUnLock)
                  01015510    00000040                  : driver.obj (.text:_SlFindAndReleasePendingCmd)
                  01015550    00000040                  : spawn.obj (.text:_SlInternalSpawnWaitForEvent)
                  01015590    00000040                  : eventreg.obj (.text:_SlIsEventRegistered)
                  010155d0    00000040     freertos_builds_CC3220SF_LAUNCHXL_release_ccs.lib : aeabi_portable.obj (.text:__aeabi_errno_addr)
                  01015610    00000040     mqtt_release.a : mqttclient.oem4 (.text:_sl_ExtLib_ServerAckLockedWait)
                  01015650    00000040     parseJSON.obj (.text:jsmn_alloc_token)
                  01015690    00000040     mqtt_release.a : client_core.oem4 (.text:netConnect)
                  010156d0    00000040     eventQueue.obj (.text:readFromEventQueue)
                  01015710    00000040     pubSubQueue.obj (.text:readFromPSQueue)
                  01015750    00000040     freertos_builds_CC3220SF_LAUNCHXL_release_ccs.lib : tasks.obj (.text:vTaskPlaceOnEventListRestricted)
                  01015790    00000040     rtsv7M4_T_le_eabi.lib : vsnprintf.c.obj (.text:vsnprintf)
                  010157d0    0000003e     freertos_builds_CC3220SF_LAUNCHXL_release_ccs.lib : ClockP_freertos.obj (.text:ClockP_callbackFxn)
                  0101580e    0000003e     mqtt_release.a : mqtt_common.oem4 (.text:MQTT_packetAckWlistRemove)
                  0101584c    0000003e                    : mqtt_common.oem4 (.text:MQTT_packetBufTailWrRemlen)
                  0101588a    0000003e     slnetsock_release.a : slnetsock.oem4 (.text:SlNetSock_close)
                  010158c8    0000003e     simplelink.a : sl_socket.obj (.text:_SlSocketBuildAddress)
                  01015906    0000003e     rtsv7M4_T_le_eabi.lib : _printfi.c.obj (.text:_fcpy)
                  01015944    0000003e     mqtt_release.a : client_core.oem4 (.text:clCtxSeg1Send)
                  01015982    0000003e                    : client_core.oem4 (.text:procPingrspRx)
                  010159c0    0000003e     freertos_builds_CC3220SF_LAUNCHXL_release_ccs.lib : pthread.obj (.text:pthread_setcancelstate)
                  010159fe    0000003e                                                       : semaphore.obj (.text:sem_post)
                  01015a3c    0000003c     mqtt_release.a : client_core.oem4 (.text:MQTTClientCore_registerBuffers)
                  01015a78    0000003c                    : mqttclient.oem4 (.text:MQTTClient_disconnect)
                  01015ab4    0000003c                    : mqtt_common.oem4 (.text:MQTT_qos2PubCqCheck)
                  01015af0    0000003c     network_if.obj (.text:Network_IF_DisconnectFromAP)
                  01015b2c    0000003c     driverlib.a : prcm.obj (.text:PRCMSlowClkCtrFastGet)
                  01015b68    0000003c     drivers_cc32xx.aem4 : PowerCC32XX.oem4 (.text:Power_setConstraint)
                  01015ba4    0000003c     uart_term.obj (.text:Report)
                  01015be0    0000003c     simplelink.a : netapp.obj (.text:_SlNetAppCopyPingResultsToReport)
                  01015c1c    0000003c     mqtt_release.a : mqttclient.oem4 (.text:processDisconnCB)
                  01015c58    0000003c     freertos_builds_CC3220SF_LAUNCHXL_release_ccs.lib : queue.obj (.text:prvCopyDataFromQueue)
                  01015c94    0000003c                                                       : tasks.obj (.text:prvResetNextTaskUnblockTime)
                  01015cd0    0000003c                                                       : tasks.obj (.text:pvTaskGetThreadLocalStoragePointer)
                  01015d0c    0000003c     mqtt_release.a : client_core.oem4 (.text:singleCtxRxPrepLocked)
                  01015d48    0000003c                    : client_core.oem4 (.text:tailIncorpMsgID)
                  01015d84    0000003c     simplelink.a : sl_socket.obj (.text:to_mSec)
                  01015dc0    0000003c     freertos_builds_CC3220SF_LAUNCHXL_release_ccs.lib : sleep.obj (.text:usleep)
                  01015dfc    0000003c                                                       : list.obj (.text:vListInsertEnd)
                  01015e38    0000003c                                                       : timers.obj (.text:xTimerCreate)
                  01015e74    0000003a     slnetifwifi.a : slnetifwifi.obj (.text:SlNetIfWifi_getIPAddr)
                  01015eae    0000003a     drivers_cc32xx.aem4 : TimerCC32XX.oem4 (.text:TimerCC32XX_close)
                  01015ee8    0000003a     mqtt_release.a : mqtt_common.oem4 (.text:mqpProcVhMsgIdRx)
                  01015f22    00000002     --HOLE-- [fill = 0]
                  01015f24    00000038                    : client_core.oem4 (.text:MQTTClientCore_registerNetSvc)
                  01015f5c    00000038                    : mqtt_common.oem4 (.text:MQTT_qos2PubCqLogup)
                  01015f94    00000038     driverlib.a : prcm.obj (.text:PRCMLPDSEnterKeepDebugIf)
                  01015fcc    00000038     slnetifwifi.a : slnetifwifi.obj (.text:SlNetIfWifi_recvFrom)
                  01016004    00000038                   : slnetifwifi.obj (.text:SlNetIfWifi_sendTo)
                  0101603c    00000038                   : slnetifwifi.obj (.text:SlNetIfWifi_socket)
                  01016074    00000038     slnetsock_release.a : slnetif.oem4 (.text:SlNetIf_configCheck)
                  010160ac    00000038                         : slnetsock.oem4 (.text:SlNetSock_listen)
                  010160e4    00000038                         : slnetutils.oem4 (.text:SlNetUtil_htonl)
                  0101611c    00000038     parseJSON.obj (.text:addStringChecksum)
                  01016154    00000038     mqtt_release.a : client_core.oem4 (.text:mqpAllocAtomic)
                  0101618c    00000038                    : client_core.oem4 (.text:netRecv)
                  010161c4    00000038     drivers_cc32xx.aem4 : PowerCC32XX.oem4 (.text:notify)
                  010161fc    00000038     freertos_builds_CC3220SF_LAUNCHXL_release_ccs.lib : timers.obj (.text:prvGetNextExpireTime)
                  01016234    00000038                                                       : port.obj (.text:prvTaskExitError)
                  0101626c    00000038     drivers_cc32xx.aem4 : UARTCC32XXDMA.oem4 (.text:startTxFifoEmptyClk)
                  010162a4    00000036     mqtt_release.a : mqtt_common.oem4 (.text:MQTT_packetPrepFh)
                  010162da    00000036     slnetifwifi.a : slnetifwifi.obj (.text:SlNetIfWifi_getHostByName)
                  01016310    00000036                   : slnetifwifi.obj (.text:SlNetIfWifi_select)
                  01016346    00000036     drivers_cc32xx.aem4 : TimerCC32XX.oem4 (.text:TimerCC32XX_hwiIntFunction)
                  0101637c    00000036     driverlib.a : timer.obj (.text:TimerControlStall)
                  010163b2    00000036     drivers_cc32xx.aem4 : UARTCC32XX.oem4 (.text:UARTCC32XX_readCancel)
                  010163e8    00000036     mqtt_release.a : client_core.oem4 (.text:_procPubRecRx)
                  0101641e    00000036     rtsv7M4_T_le_eabi.lib : strncpy.c.obj (.text:strncpy)
                  01016454    00000034     driverlib.a : pin.obj (.text:PinModeGet)
                  01016488    00000034     drivers_cc32xx.aem4 : PowerCC32XX.oem4 (.text:PowerCC32XX_restoreParkState)
                  010164bc    00000034     freertos_builds_CC3220SF_LAUNCHXL_release_ccs.lib : SemaphoreP_freertos.obj (.text:SemaphoreP_pend)
                  010164f0    00000034     slnetsock_release.a : slnetutils.oem4 (.text:SlNetUtil_htons)
                  01016524    00000034     drivers_cc32xx.aem4 : TimerCC32XX.oem4 (.text:TimerCC32XX_freeTimerResource)
                  01016558    00000034                         : UDMACC32XX.oem4 (.text:UDMACC32XX_close)
                  0101658c    00000034                         : TimerCC32XX.oem4 (.text:getPowerMgrId)
                  010165c0    00000034     mqtt_release.a : client_core.oem4 (.text:groupCtxsKaSequence)
                  010165f4    00000034                    : client_core.oem4 (.text:mqpFreeLocked)
                  01016628    00000034                    : client_core.oem4 (.text:procLoopbackRecv)
                  0101665c    00000034     freertos_builds_CC3220SF_LAUNCHXL_release_ccs.lib : timers.obj (.text:prvSampleTimeNow)
                  01016690    00000034     rtsv7M4_T_le_eabi.lib : rand.c.obj (.text:rand)
                  010166c4    00000034     freertos_builds_CC3220SF_LAUNCHXL_release_ccs.lib : tasks.obj (.text:vTaskPlaceOnEventList)
                  010166f8    00000034                                                       : tasks.obj (.text:vTaskSetThreadLocalStoragePointer)
                  0101672c    00000034     drivers_cc32xx.aem4 : UARTCC32XXDMA.oem4 (.text:writeFinishedDoCallback)
                  01016760    00000032     mqtt_release.a : mqtt_common.oem4 (.text:MQTT_clCtxTimeoutInsert)
                  01016792    00000032                    : client_core.oem4 (.text:connectedStateRx)
                  010167c4    00000030     network_if.obj (.text:InitializeAppVariables)
                  010167f4    00000030     drivers_cc32xx.aem4 : PowerCC32XX.oem4 (.text:PowerCC32XX_restoreParkedPin)
                  01016824    00000030     simplelink.a : fs.obj (.text:_SlFsStrlen)
                  01016854    00000030     rtsv7M4_T_le_eabi.lib : snprintf.c.obj (.text:_outs)
                  01016884    00000030                           : vsnprintf.c.obj (.text:_outs)
                  010168b4    00000030     mqtt_release.a : client_core.oem4 (.text:ack2MsgIdUnlog)
                  010168e4    00000030                    : client_core.oem4 (.text:clientDescInit)
                  01016914    00000030                    : mqttclient.oem4 (.text:getAvailableClictxMem)
                  01016944    00000030     freertos_builds_CC3220SF_LAUNCHXL_release_ccs.lib : list.obj (.text:vListInitialise)
                  01016974    00000030                                                       : port.obj (.text:vPortExitCritical)
                  010169a4    00000030                                                       : tasks.obj (.text:xTaskGetSchedulerState)
                  010169d4    0000002e     simplelink.a : cc_pal.obj (.text:Mutex_create_handle)
                  01016a02    0000002e     publish_timer.obj (.text:pTimerCallback)
                  01016a30    0000002e     freertos_builds_CC3220SF_LAUNCHXL_release_ccs.lib : timers.obj (.text:pvTimerGetTimerID)
                  01016a5e    0000002e     rtsv7M4_T_le_eabi.lib : i_tofd_t2.asm.obj (.text)
                  01016a8c    0000002c     freertos_builds_CC3220SF_LAUNCHXL_release_ccs.lib : HwiPCC32XX_freertos.obj (.text:HwiP_disable)
                  01016ab8    0000002c     simplelink.a : cc_pal.obj (.text:NwpPowerOn)
                  01016ae4    0000002c     driverlib.a : prcm.obj (.text:PRCMLPDSIntervalSet)
                  01016b10    0000002c     drivers_cc32xx.aem4 : PowerCC32XX.oem4 (.text:PowerCC32XX_getParkState)
                  01016b3c    0000002c     freertos_builds_CC3220SF_LAUNCHXL_release_ccs.lib : SemaphoreP_freertos.obj (.text:SemaphoreP_createBinary)
                  01016b68    0000002c     slnetifwifi.a : slnetifwifi.obj (.text:SlNetIfWifi_recv)
                  01016b94    0000002c                   : slnetifwifi.obj (.text:SlNetIfWifi_send)
                  01016bc0    0000002c     simplelink.a : driver.obj (.text:_SlDrvSyncObjWaitForever)
                  01016bec    0000002c     mqtt_release.a : client_core.oem4 (.text:doNetCloseRx)
                  01016c18    0000002c     parseJSON.obj (.text:jsmn_fill_token)
                  01016c44    0000002c     freertos_builds_CC3220SF_LAUNCHXL_release_ccs.lib : pthread_mutex.obj (.text:pthread_mutexattr_settype)
                  01016c70    0000002c     mqtt_release.a : client_core.oem4 (.text:singleCtxAdjWaitSecsGet)
                  01016c9c    0000002c     rtsv7M4_T_le_eabi.lib : strncmp.c.obj (.text:strncmp)
                  01016cc8    0000002c     freertos_builds_CC3220SF_LAUNCHXL_release_ccs.lib : tasks.obj (.text:vTaskSetApplicationTaskTag)
                  01016cf4    0000002c                                                       : port.obj (.text:xPortSysTickHandler)
                  01016d20    0000002c                                                       : queue.obj (.text:xQueueCreateMutex)
                  01016d4c    0000002a     slnetsock_release.a : slnetutils.oem4 (.text:SlNetUtil_inetPton)
                  01016d76    0000002a     driverlib.a : timer.obj (.text:TimerLoadSet)
                  01016da0    0000002a                 : timer.obj (.text:TimerPrescaleSet)
                  01016dca    0000002a     drivers_cc32xx.aem4 : UARTCC32XXDMA.oem4 (.text:UARTCC32XXDMA_readCancel)
                  01016df4    0000002a                         : UARTCC32XXDMA.oem4 (.text:UARTCC32XXDMA_writeCancel)
                  01016e1e    0000002a     mqtt_release.a : client_core.oem4 (.text:ack2MsgIdDispatch)
                  01016e48    0000002a                    : client_core.oem4 (.text:pingReqSend)
                  01016e72    0000002a     freertos_builds_CC3220SF_LAUNCHXL_release_ccs.lib : queue.obj (.text:prvInitialiseMutex)
                  01016e9c    0000002a     mqtt_release.a : client_core.oem4 (.text:txPartSetup)
                  01016ec6    0000002a     freertos_builds_CC3220SF_LAUNCHXL_release_ccs.lib : queue.obj (.text:uxQueueMessagesWaiting)
                  01016ef0    00000028                                                       : HwiPCC32XX_freertos.obj (.text:HwiP_inISR)
                  01016f18    00000028     mqtt_release.a : mqtt_common.oem4 (.text:MQTT_packetBufWrUtf8)
                  01016f40    00000028     driverlib.a : prcm.obj (.text:PRCMLPDSWakeupSourceEnable)
                  01016f68    00000028                 : prcm.obj (.text:PRCMPeripheralClkDisable)
                  01016f90    00000028     drivers_cc32xx.aem4 : PowerCC32XX.oem4 (.text:Power_registerNotify)
                  01016fb8    00000028     slnetsock_release.a : slnetif.oem4 (.text:SlNetIf_getIfByID)
                  01016fe0    00000028                         : slnetsock.oem4 (.text:SlNetSock_sdsIsSet)
                  01017008    00000028                         : slnetsock.oem4 (.text:SlNetSock_sdsSet)
                  01017030    00000028                         : slnetsock.oem4 (.text:SlNetSock_secAttribDelete)
                  01017058    00000028     simplelink.a : driver.obj (.text:_SlDrvProtectionObjLockWaitForever)
                  01017080    00000028                  : driver.obj (.text:_SlDrvProtectionObjUnLock)
                  010170a8    00000028                  : flowcont.obj (.text:_SlFlowContSet)
                  010170d0    00000028     mqtt_release.a : client_core.oem4 (.text:_procPubRelRx)
                  010170f8    00000028                    : mqttclient.oem4 (.text:_sl_ExtLib_AwaitedAckLockedSet)
                  01017120    00000028     freertos_builds_CC3220SF_LAUNCHXL_release_ccs.lib : pthread.obj (.text:pthread_attr_setschedparam)
                  01017148    00000028                                                       : semaphore.obj (.text:sem_trywait)
                  01017170    00000028                                                       : tasks.obj (.text:xTaskGetApplicationTaskTag)
                  01017198    00000026     drivers_cc32xx.aem4 : List.oem4 (.text:List_put)
                  010171be    00000026                         : List.oem4 (.text:List_remove)
                  010171e4    00000026     mqtt_release.a : mqtt_common.oem4 (.text:MQTT_clCtxRemove)
                  0101720a    00000026     freertos_builds_CC3220SF_LAUNCHXL_release_ccs.lib : pthread.obj (.text:_pthread_cleanup_pop)
                  01017230    00000026                                                       : queue.obj (.text:prvIsQueueFull)
                  01017256    00000002     --HOLE-- [fill = 0]
                  01017258    00000024     driverlib.a : interrupt.obj (.text:IntUnregister)
                  0101727c    00000024     drivers_cc32xx.aem4 : PowerCC32XX.oem4 (.text:PowerCC32XX_reset)
                  010172a0    00000024     slnetsock_release.a : slnetif.oem4 (.text:SlNetIf_getConnectionStatus)
                  010172c4    00000024     simplelink.a : driver.obj (.text:_SlDrvIsApiInProgress)
                  010172e8    00000024                  : driver.obj (.text:_SlDrvStartMeasureTimeout)
                  0101730c    00000024     rtsv7M4_T_le_eabi.lib : boot_cortex_m.c.obj (.text:_c_int00_noargs:_c_int00_noargs)
                  01017330    00000024     mqtt_release.a : client_core.oem4 (.text:conn2usedCtxs)
                  01017354    00000024     pubSubQueue.obj (.text:createPSMsgQueue)
                  01017378    00000024     debug.obj (.text:dbgUARTString)
                  0101739c    00000024     rtsv7M4_T_le_eabi.lib : memmov.c.obj (.text:memmove)
                  010173c0    00000024     freertos_builds_CC3220SF_LAUNCHXL_release_ccs.lib : queue.obj (.text:prvGetDisinheritPriorityAfterTimeout)
                  010173e4    00000024     mqtt_release.a : client_core.oem4 (.text:recvHvecLoad)
                  01017408    00000024     freertos_builds_CC3220SF_LAUNCHXL_release_ccs.lib : semaphore.obj (.text:sem_getvalue)
                  0101742c    00000024     simplelink.a : wlan.obj (.text:sl_WlanDisconnect)
                  01017450    00000024     freertos_builds_CC3220SF_LAUNCHXL_release_ccs.lib : queue.obj (.text:vQueueDelete)
                  01017474    00000024                                                       : tasks.obj (.text:vTaskInternalSetTimeOutState)
                  01017498    00000022     mqtt_release.a : mqtt_common.oem4 (.text:MQTT_packetProcMsgIdAckRx)
                  010174ba    00000022     freertos_builds_CC3220SF_LAUNCHXL_release_ccs.lib : SemaphoreP_freertos.obj (.text:SemaphoreP_post)
                  010174dc    00000022                                                       : pthread.obj (.text:pthread_attr_setdetachstate)
                  010174fe    00000002     --HOLE-- [fill = 0]
                  01017500    00000020                                                       : ClockP_freertos.obj (.text:ClockP_getCpuFreq)
                  01017520    00000020                                                       : HwiPCC32XX_freertos.obj (.text:HwiP_restore)
                  01017540    00000020     driverlib.a : interrupt.obj (.text:IntRegister)
                  01017560    00000020     mqtt_release.a : mqtt_common.oem4 (.text:MQTT_qos2PubCqReset)
                  01017580    00000020     drivers_cc32xx.aem4 : PowerCC32XX.oem4 (.text:Power_unregisterNotify)
                  010175a0    00000020                         : RingBuf.oem4 (.text:RingBuf_peek)
                  010175c0    00000020     slnetifwifi.a : slnetifwifi.obj (.text:SlNetIfWifi_accept)
                  010175e0    00000020     eventQueue.obj (.text:createEventMsgQueue)
                  01017600    00000020     drivers_cc32xx.aem4 : SPICC32XXDMA.oem4 (.text:getPowerMgrId)
                  01017620    00000020                         : UARTCC32XX.oem4 (.text:getPowerMgrId)
                  01017640    00000020                         : UARTCC32XXDMA.oem4 (.text:getPowerMgrId)
                  01017660    00000020     freertos_builds_CC3220SF_LAUNCHXL_release_ccs.lib : queue.obj (.text:prvIsQueueEmpty)
                  01017680    00000020                                                       : semaphore.obj (.text:semaphorePend)
                  010176a0    00000020     mqtt_release.a : client_core.oem4 (.text:session311fix)
                  010176c0    0000001e     freertos_builds_CC3220SF_LAUNCHXL_release_ccs.lib : ClockP_freertos.obj (.text:ClockP_start)
                  010176de    0000001e                                                       : HwiPCC32XX_freertos.obj (.text:HwiP_Params_init)
                  010176fc    0000001e     mqtt_release.a : client_core.oem4 (.text:MQTTClientCore_alloc)
                  0101771a    0000001e                    : client_core.oem4 (.text:MQTTClientCore_ctxRun)
                  01017738    0000001e     slnetifwifi.a : slnetifwifi.obj (.text:SlNetIfWifi_bind)
                  01017756    0000001e                   : slnetifwifi.obj (.text:SlNetIfWifi_connect)
                  01017774    0000001e     driverlib.a : timer.obj (.text:TimerDisable)
                  01017792    0000001e                 : timer.obj (.text:TimerEnable)
                  010177b0    0000001e     simplelink.a : driver.obj (.text:_SlDrvObjLockWaitForever)
                  010177ce    0000001e                  : driver.obj (.text:_SlDrvObjUnLock)
                  010177ec    0000001e                  : driver.obj (.text:_SlDrvSyncObjSignal)
                  0101780a    0000001e     freertos_builds_CC3220SF_LAUNCHXL_release_ccs.lib : pthread.obj (.text:_pthread_runStub)
                  01017828    0000001e     debug.obj (.text:dbgFail)
                  01017846    0000001e     parseJSON.obj (.text:jsmn_init)
                  01017864    0000001e     drivers_cc32xx.aem4 : UDMACC32XX.oem4 (.text:postNotifyFxn)
                  01017882    0000001e     mqtt_release.a : client_core.oem4 (.text:procNetDataRecv)
                  010178a0    0000001e                    : client_core.oem4 (.text:sessionDelete)
                  010178be    0000001c     freertos_builds_CC3220SF_LAUNCHXL_release_ccs.lib : ClockP_freertos.obj (.text:ClockP_Params_init)
                  010178da    00000002     --HOLE-- [fill = 0]
                  010178dc    0000001c     uart_term.obj (.text:Message)
                  010178f8    0000001c     driverlib.a : pin.obj (.text:PinToPadGet)
                  01017914    0000001c     simplelink.a : device.obj (.text:_SlDeviceGetStartResponseConvert)
                  01017930    0000001c                  : spawn.obj (.text:_SlInternalIsItSpawnThread)
                  0101794c    0000001c     mqtt_release.a : client_core.oem4 (.text:awaitsPkts)
                  01017968    0000001c                    : client_core.oem4 (.text:doNetCloseTx)
                  01017984    0000001c     rtsv7M4_T_le_eabi.lib : memccpy.c.obj (.text:memccpy)
                  010179a0    0000001c     mqtt_release.a : client_core.oem4 (.text:processRecv)
                  010179bc    0000001c     freertos_builds_CC3220SF_LAUNCHXL_release_ccs.lib : pthread.obj (.text:pthread_attr_init)
                  010179d8    0000001c                                                       : pthread_mutex.obj (.text:pthread_mutexattr_init)
                  010179f4    0000001c                                                       : tasks.obj (.text:pvTaskIncrementMutexHeldCount)
                  01017a10    0000001c     mqtt_release.a : client_core.oem4 (.text:usedCtxsTOSort)
                  01017a2c    0000001a                    : mqtt_common.oem4 (.text:MQTT_packetAckWlistPurge)
                  01017a46    0000001a     freertos_builds_CC3220SF_LAUNCHXL_release_ccs.lib : PTLS.obj (.text:PTLS_taskDeleteHook)
                  01017a60    0000001a     slnetifwifi.a : slnetifwifi.obj (.text:SlNetIfWifi_listen)
                  01017a7a    0000001a     freertos_builds_CC3220SF_LAUNCHXL_release_ccs.lib : timers.obj (.text:prvTimerTask)
                  01017a94    0000001a                                                       : pthread_mutex.obj (.text:pthread_mutex_destroy)
                  01017aae    00000018     mqtt_release.a : mqtt_common.oem4 (.text:MQTT_clCtxTimeoutUpdate)
                  01017ac6    00000002     --HOLE-- [fill = 0]
                  01017ac8    00000018     drivers_cc32xx.aem4 : PowerCC32XX.oem4 (.text:Power_idleFunc)
                  01017ae0    00000018                         : TimerCC32XX.oem4 (.text:TimerCC32XX_getCount)
                  01017af8    00000018     driverlib.a : timer.obj (.text:TimerIntDisable)
                  01017b10    00000018                 : timer.obj (.text:TimerIntEnable)
                  01017b28    00000018                 : uart.obj (.text:UARTBusy)
                  01017b40    00000018                 : uart.obj (.text:UARTIntEnable)
                  01017b58    00000018     drivers_cc32xx.aem4 : UART.oem4 (.text:UART_Params_init)
                  01017b70    00000018     rtsv7M4_T_le_eabi.lib : snprintf.c.obj (.text:_outc)
                  01017b88    00000018                           : vsnprintf.c.obj (.text:_outc)
                  01017ba0    00000018     freertos_builds_CC3220SF_LAUNCHXL_release_ccs.lib : memory.obj (.text:free)
                  01017bb8    00000018     mqtt_release.a : client_core.oem4 (.text:groupCtxsAdjWaitSecsGet)
                  01017bd0    00000018                    : client_core.oem4 (.text:netClCtxFind)
                  01017be8    00000018     rtsv7M4_T_le_eabi.lib : ll_mul_t2.asm.obj (.text)
                  01017c00    00000018     freertos_builds_CC3220SF_LAUNCHXL_release_ccs.lib : semaphore.obj (.text:sem_wait)
                  01017c18    00000016                                                       : ClockP_freertos.obj (.text:ClockP_setTimeout)
                  01017c2e    00000016     mqtt_release.a : mqtt_net_func.oem4 (.text:MQTTNet_commClose)
                  01017c44    00000016     mqtt_client_app.obj (.text:MQTT_SendMsgToQueue)
                  01017c5a    00000016     mqtt_release.a : mqtt_common.oem4 (.text:MQTT_clCtxReset)
                  01017c70    00000016                    : mqtt_common.oem4 (.text:MQTT_packetFree)
                  01017c86    00000016                    : mqtt_common.oem4 (.text:MQTT_packetInit)
                  01017c9c    00000016     driverlib.a : prcm.obj (.text:PRCMHIBRegRead)
                  01017cb2    00000016                 : prcm.obj (.text:PRCMHIBRegWrite)
                  01017cc8    00000016     freertos_builds_CC3220SF_LAUNCHXL_release_ccs.lib : PTLS.obj (.text:PTLS_getBuf)
                  01017cde    00000016                                                       : PTLS.obj (.text:PTLS_setBuf)
                  01017cf4    00000016                                                       : SemaphoreP_freertos.obj (.text:SemaphoreP_Params_init)
                  01017d0a    00000016     simplelink.a : driver.obj (.text:_SlDrvMemZero)
                  01017d20    00000016     freertos_builds_CC3220SF_LAUNCHXL_release_ccs.lib : startup_cc32xx_ccs.obj (.text:resetISR)
                  01017d36    00000016     rtsv7M4_T_le_eabi.lib : strchr.c.obj (.text:strchr)
                  01017d4c    00000014     driverlib.a : cpu.obj (.text:CPUcpsie)
                  01017d60    00000014                 : interrupt.obj (.text:IntVTableBaseSet)
                  01017d74    00000014     mqtt_release.a : mqttclient.oem4 (.text:MQTTClient_publish)
                  01017d88    00000014                    : mqtt_net_func.oem4 (.text:MQTTNet_rtcSecs)
                  01017d9c    00000014                    : mqtt_common.oem4 (.text:MQTT_packetAckWlistAppend)
                  01017db0    00000014                    : mqtt_common.oem4 (.text:MQTT_packetReset)
                  01017dc4    00000014     drivers_cc32xx.aem4 : PowerCC32XX.oem4 (.text:Power_getDependencyCount)
                  01017dd8    00000014                         : SPI.oem4 (.text:SPI_Params_init)
                  01017dec    00000014     slnetsock_release.a : slnetsock.oem4 (.text:SlNetSock_sdsClrAll)
                  01017e00    00000014     mqtt_release.a : client_core.oem4 (.text:ack1WlRmfree)
                  01017e14    00000014     main_motor_task.obj (.text:motorThread)
                  01017e28    00000014     freertos_builds_CC3220SF_LAUNCHXL_release_ccs.lib : tasks.obj (.text:prvDeleteTCB)
                  01017e3c    00000014                                                       : pthread.obj (.text:pthread_attr_setstacksize)
                  01017e50    00000014                                                       : pthread_mutex.obj (.text:pthread_mutex_lock)
                  01017e64    00000014                                                       : pthread.obj (.text:pthread_self)
                  01017e78    00000014     drivers_cc32xx.aem4 : UARTCC32XX.oem4 (.text:releasePowerConstraint)
                  01017e8c    00000014     freertos_builds_CC3220SF_LAUNCHXL_release_ccs.lib : semaphore.obj (.text:sem_destroy)
                  01017ea0    00000014     rtsv7M4_T_le_eabi.lib : strlen.c.obj (.text:strlen)
                  01017eb4    00000014     mqtt_release.a : client_core.oem4 (.text:txPartBufP)
                  01017ec8    00000014                    : client_core.oem4 (.text:txPartReset)
                  01017edc    00000014     freertos_builds_CC3220SF_LAUNCHXL_release_ccs.lib : PowerCC32XX_freertos.obj (.text:vPortSuppressTicksAndSleep)
                  01017ef0    00000014                                                       : tasks.obj (.text:xTaskGetCurrentTaskHandle)
                  01017f04    00000014                                                       : tasks.obj (.text:xTaskGetTickCount)
                  01017f18    00000012                                                       : HwiPCC32XX_freertos.obj (.text:HwiP_delete)
                  01017f2a    00000012     drivers_cc32xx.aem4 : RingBuf.oem4 (.text:RingBuf_construct)
                  01017f3c    00000012     slnetifwifi.a : slnetifwifi.obj (.text:SlNetIfWifi_close)
                  01017f4e    00000012     driverlib.a : timer.obj (.text:TimerIntClear)
                  01017f60    00000012     mqtt_release.a : client_core.oem4 (.text:mqpDoNotReportCor)
[...]
01014e61  PowerCC32XX_enterLPDS                     
01014ea5  SPI_init                                  
01014f2d  Timer_init                                
01014f71  UART_init                                 
01014fb5  __TI_auto_init_nobinit_nopinit            
0101503d  sendMsgToEventQueue                       
01015081  sendMsgToPSQueue                          
010150c5  vTaskStepTick                             
0101514d  MQTT_packetBufRdRemlen                    
0101518f  malloc                                    
01015211  MQTTClientCore_registerCtxInfo            
01015251  PinModeSet                                
01015291  RingBuf_get                               
010152d1  SPI_open                                  
01015311  SimpleLinkGeneralEventHandler             
01015351  SlNetSock_bind                            
01015391  SlNetSock_secAttribSet                    
010153d1  Timer_open                                
01015411  UARTCC32XX_read                           
01015451  UART_open                                 
01015491  UDMACC32XX_init                           
010154d1  _SlDrvGlobalObjUnLock                     
01015511  _SlFindAndReleasePendingCmd               
01015551  _SlInternalSpawnWaitForEvent              
01015591  _SlIsEventRegistered                      
010155d1  __aeabi_errno_addr                        
01015611  _sl_ExtLib_ServerAckLockedWait            
010156d1  readFromEventQueue                        
01015711  readFromPSQueue                           
01015751  vTaskPlaceOnEventListRestricted           
01015791  vsnprintf                                 
010157d1  ClockP_callbackFxn                        
0101580f  MQTT_packetAckWlistRemove                 
0101584d  MQTT_packetBufTailWrRemlen                
0101588b  SlNetSock_close                           
010159c1  pthread_setcancelstate                    
010159ff  sem_post                                  
01015a3d  MQTTClientCore_registerBuffers            
01015a79  MQTTClient_disconnect                     
01015ab5  MQTT_qos2PubCqCheck                       
01015af1  Network_IF_DisconnectFromAP               
01015b2d  PRCMSlowClkCtrFastGet                     
01015b69  Power_setConstraint                       
01015ba5  Report                                    
01015cd1  pvTaskGetThreadLocalStoragePointer        
01015dc1  usleep                                    
01015dfd  vListInsertEnd                            
01015e39  xTimerCreate                              
01015e75  SlNetIfWifi_getIPAddr                     
01015eaf  TimerCC32XX_close                         
01015f25  MQTTClientCore_registerNetSvc             
01015f5d  MQTT_qos2PubCqLogup                       
01015f95  PRCMLPDSEnterKeepDebugIf                  
01015fcd  SlNetIfWifi_recvFrom                      
01016005  SlNetIfWifi_sendTo                        
0101603d  SlNetIfWifi_socket                        
010160ad  SlNetSock_listen                          
010160e5  SlNetUtil_htonl                           
010160e5  SlNetUtil_ntohl                           
0101611d  addStringChecksum                         
010162a5  MQTT_packetPrepFh                         
010162db  SlNetIfWifi_getHostByName                 
01016311  SlNetIfWifi_select                        
0101637d  TimerControlStall                         
010163b3  UARTCC32XX_readCancel                     
0101641f  strncpy                                   
01016455  PinModeGet                                
01016489  PowerCC32XX_restoreParkState              
010164bd  SemaphoreP_pend                           
010164f1  SlNetUtil_htons                           
010164f1  SlNetUtil_ntohs                           
01016525  TimerCC32XX_freeTimerResource             
01016559  UDMACC32XX_close                          
01016691  rand                                      
010166c5  vTaskPlaceOnEventList                     
010166f9  vTaskSetThreadLocalStoragePointer         
01016761  MQTT_clCtxTimeoutInsert                   
010167c5  InitializeAppVariables                    
010167f5  PowerCC32XX_restoreParkedPin              
01016945  vListInitialise                           
01016975  vPortExitCritical                         
010169a5  xTaskGetSchedulerState                    
010169d5  Mutex_create_handle                       
01016a03  pTimerCallback                            
01016a31  pvTimerGetTimerID                         
01016a5f  __aeabi_i2d                               
01016a8d  HwiP_disable                              
01016ab9  NwpPowerOn                                
01016ae5  PRCMLPDSIntervalSet                       
01016b11  PowerCC32XX_getParkState                  
01016b3d  SemaphoreP_createBinary                   
01016b69  SlNetIfWifi_recv                          
01016b95  SlNetIfWifi_send                          
01016bc1  _SlDrvSyncObjWaitForever                  
01016c45  pthread_mutexattr_settype                 
01016c9d  strncmp                                   
01016cc9  vTaskSetApplicationTaskTag                
01016cf5  xPortSysTickHandler                       
01016d21  xQueueCreateMutex                         
01016d4d  SlNetUtil_inetPton                        
01016d77  TimerLoadSet                              
01016da1  TimerPrescaleSet                          
01016dcb  UARTCC32XXDMA_readCancel                  
01016df5  UARTCC32XXDMA_writeCancel                 
01016ec7  uxQueueMessagesWaiting                    
01016ef1  HwiP_inISR                                
01016f19  MQTT_packetBufWrUtf8                      
01016f41  PRCMLPDSWakeupSourceEnable                
01016f69  PRCMPeripheralClkDisable                  
01016f91  Power_registerNotify                      
01016fb9  SlNetIf_getIfByID                         
01016fe1  SlNetSock_sdsIsSet                        
01017009  SlNetSock_sdsSet                          
01017031  SlNetSock_secAttribDelete                 
01017059  _SlDrvProtectionObjLockWaitForever        
01017081  _SlDrvProtectionObjUnLock                 
010170a9  _SlFlowContSet                            
010170f9  _sl_ExtLib_AwaitedAckLockedSet            
01017121  pthread_attr_setschedparam                
01017149  sem_trywait                               
01017171  xTaskGetApplicationTaskTag                
01017199  List_put                                  
010171bf  List_remove                               
010171e5  MQTT_clCtxRemove                          
0101720b  _pthread_cleanup_pop                      
01017259  IntUnregister                             
0101727d  PowerCC32XX_reset                         
010172a1  SlNetIf_getConnectionStatus               
010172c5  _SlDrvIsApiInProgress                     
010172e9  _SlDrvStartMeasureTimeout                 
0101730d  _c_int00_noargs                           
01017355  createPSMsgQueue                          
01017379  dbgUARTString                             
0101739d  memmove                                   
01017409  sem_getvalue                              
0101742d  sl_WlanDisconnect                         
01017451  vQueueDelete                              
01017475  vTaskInternalSetTimeOutState              
01017499  MQTT_packetProcMsgIdAckRx                 
010174bb  SemaphoreP_post                           
010174dd  pthread_attr_setdetachstate               
01017501  ClockP_getCpuFreq                         
01017521  HwiP_restore                              
01017541  IntRegister                               
01017561  MQTT_qos2PubCqReset                       
01017581  Power_unregisterNotify                    
010175a1  RingBuf_peek                              
010175c1  SlNetIfWifi_accept                        
010175e1  createEventMsgQueue                       
010176c1  ClockP_start                              
010176df  HwiP_Params_init                          
010176fd  MQTTClientCore_alloc                      
0101771b  MQTTClientCore_ctxRun                     
01017739  SlNetIfWifi_bind                          
01017757  SlNetIfWifi_connect                       
01017775  TimerDisable                              
01017793  TimerEnable                               
010177b1  _SlDrvObjLockWaitForever                  
010177cf  _SlDrvObjUnLock                           
010177ed  _SlDrvSyncObjSignal                       
01017829  dbgFail                                   
010178bf  ClockP_Params_init                        
010178dd  Message                                   
010178f9  PinToPadGet                               
01017931  _SlInternalIsItSpawnThread                
01017985  memccpy                                   
010179bd  pthread_attr_init                         
010179d9  pthread_mutexattr_init                    
010179f5  pvTaskIncrementMutexHeldCount             
01017a2d  MQTT_packetAckWlistPurge                  
01017a47  PTLS_taskDeleteHook                       
01017a61  SlNetIfWifi_listen                        
01017a95  pthread_mutex_destroy                     
01017aaf  MQTT_clCtxTimeoutUpdate                   
01017ac9  Power_idleFunc                            
01017ae1  TimerCC32XX_getCount                      
01017af9  TimerIntDisable                           
01017b11  TimerIntEnable                            
01017b29  UARTBusy                                  
01017b41  UARTIntEnable                             
01017b59  UART_Params_init                          
01017ba1  free                                      
01017be9  __aeabi_lmul                              
01017c01  sem_wait                                  
01017c19  ClockP_setTimeout                         
01017c2f  MQTTNet_commClose                         
01017c45  MQTT_SendMsgToQueue                       
01017c5b  MQTT_clCtxReset                           
01017c71  MQTT_packetFree                           
01017c87  MQTT_packetInit                           
01017c9d  PRCMHIBRegRead                            
01017cb3  PRCMHIBRegWrite                           
01017cc9  PTLS_getBuf                               
01017cdf  PTLS_setBuf                               
01017cf5  SemaphoreP_Params_init                    
01017d0b  _SlDrvMemZero                             
01017d21  resetISR                                  
01017d30  resetVectorAddr                           
01017d37  strchr                                    
01017d4d  CPUcpsie                                  
01017d61  IntVTableBaseSet                          
01017d75  MQTTClient_publish                        
01017d89  MQTTNet_rtcSecs                           
01017d9d  MQTT_packetAckWlistAppend                 
01017db1  MQTT_packetReset                          
01017dc5  Power_getDependencyCount                  
01017dd9  SPI_Params_init                           
01017ded  SlNetSock_sdsClrAll                       
01017e15  motorThread                               
01017e3d  pthread_attr_setstacksize                 
01017e51  pthread_mutex_lock                        
01017e65  pthread_self                              
01017e8d  sem_destroy                               
01017ea1  strlen                                    
01017edd  vPortSuppressTicksAndSleep                
01017ef1  xTaskGetCurrentTaskHandle                 
01017f05  xTaskGetTickCount                         
01017f19  HwiP_delete                               
01017f2b  RingBuf_construct                         
01017f3d  SlNetIfWifi_close                         
01017f4f  TimerIntClear                             
01017f85  wcslen                                    
01017f97  Board_init                                
01017fa7  ClockP_getSystemTickPeriod                
01017fb7  MQTTClientCore_sendUnsubMsg               
01017fc7  SlNetSock_secAttribCreate                 
01017fd9  SysTickDisable                            
01017fe9  SysTickEnable                             
01017ff9  Timer_Params_init                         
01018009  _SlDrvDispatchHttpServerEvents            
01018019  _SlDrvDispatchNetAppRequestEvents         
01018029  _SlDrvIsSpawnOwnGlobalLock                
01018099  vListInitialiseItem                       
010180a9  vTaskSuspendAll                           
010180b9  MQTTClient_subscribe                      
010180c7  MQTTClient_unsubscribe                    
010180d5  Power_getTransitionLatency                
010180e3  RingBuf_isFull                            
010180f1  _SlDrvResetCmdExt                         
010180ff  _sl_ExtLib_AwaitedAckSet                  
0101811b  __TI_decompress_none                      
01018137  spi_Close                                 
01018145  CPUwfi                                    
01018151  HwiP_clearInterrupt                       
0101815d  HwiP_disableInterrupt                     
01018169  HwiP_enableInterrupt                      
01018175  MQTTClientCore_sendConnectMsg             
01018181  MQTT_secureConnStructInit                 
0101818d  Network_IF_ResetMCUStateMachine           
01018199  NwpMaskInterrupt                          
010181a5  NwpUnMaskInterrupt                        
010181b1  Power_getConstraintMask                   
010181bd  SemaphoreP_delete                         
010181c9  SimpleLinkHttpServerEventHandler          
010181d5  SimpleLinkNetAppRequestEventHandler       
010181e1  _SlDeviceResetRequestInitCompletedCB      
010181f9  copysign                                  
010181f9  copysignl                                 
01018205  __TI_zero_init                            
01018235  uDMAErrorStatusClear                      
01018241  uDMAErrorStatusGet                        
0101824d  vTaskMissedYield                          
01018259  IntMasterEnable                           
01018263  SPI_close                                 
0101826d  SPI_transfer                              
01018277  SimpleLinkNetAppRequestMemFreeEventHandler
01018281  Timer_start                               
0101828b  UART_readPolling                          
01018295  UART_write                                
0101829f  UART_writePolling                         
010182a9  sl_Task                                   
010182b3  vApplicationStackOverflowHook             
010182bd  ClockP_getSystemTicks                     
010182c5  MQTTClientCore_sendSubMsg                 
010182cd  MQTTNet_tcpSend                           
010182d5  PRCMSleepEnter                            
010182dd  TimerGetCurrentTimestamp                  
01018315  SPICC32XXDMA_control                      
0101831b  TimerCC32XX_control                       
01018321  UtilsDelay                                
0101833f  SPICC32XXDMA_init                         
01018343  SlNetIf_init                              
01018347  SlNetUtil_init                            
0101834b  _system_pre_init                          
0101834f  C$$EXIT                                   
0101834f  abort                                     
0101835c  _ctypes_                                  
010186dc  spiCC32XXDMAHWAttrs                       
01018754  OpcodeTranslateTable                      
010187c4  _SlActionLookupTable                      
01018814  PowerCC32XX_config                        
01018854  timerCC32XXHWAttrs                        
01018884  UARTCC32XXDMA_fxnTable                    
010188ac  UARTCC32XX_fxnTable                       
010188d4  Timer_config                              
010188f8  UART_defaultParams                        
010189a8  SPI_defaultParams                         
010189e8  TimerCC32XX_fxnTable                      
01018a40  SPICC32XXDMA_fxnTable                     
01018a58  SPI_config                                
01018a70  UART_config                               
01018b8c  GPIOCC32XX_config                         
01018c93  qos                                       
01018cdc  udmaCC3220SHWAttrs                        
01018cf0  UDMACC32XX_config                         
01018cf8  ulMaxSyscallInterruptPriority             
01018d18  outPinTypes                               
01018d36  inPinTypes                                
01018d3c  outPinStrengths                           
01018d42  Display_count                             
01018d43  CryptoCC32XX_count                        
01018d44  SPI_count                                 
01018d45  Timer_count                               
01018d46  UART_count                                
01018d47  Watchdog_count                            
01018d82  _SlNetAppSendResponseCmdCtrl              
01018d86  _SlNetAppSendTokenValueCmdCtrl            
01018dc0  __TI_static_base__                        
01018f68  __TI_Handler_Table_Base                   
01018f74  __TI_Handler_Table_Limit                  
01018f80  __TI_CINIT_Base                           
01018f90  __TI_CINIT_Limit                          
2002e000  g_CB                                      
2002e3fc  clients                                   
2002e6ac  PowerCC32XX_contextSave                   
2002ea70  timerCC32XXObjects                        
2002eb0c  spiCC32XXDMAObjects                       
2002eb94  uartCC32XXObjects0                        
2002ec98  uartCC32XXObjects1                        
2002ed80  GlobalLockObj                             
2002edac  g_SlInternalSpawnCB                       
2002eefc  MQTTClient_Lib_CB                         
2002ef0c  DeviceCB                                  
2002ef18  Msg                                       
2002ef44  spiCC32XXSDMAscratchBuf                   
2002ef4c  udmaCC3220SObject                         
2002ef68  MQTTClient_waitSecs                       
2002ef6a  RxIrqCnt                                  
2002ef6c  HwiP_dispatchTable                        
2002f76c  PowerCC32XX_module                        
2002f8d8  parkInfo                                  
2002f9d0  SlNetIfConfigWifi                         
2002fa60  pxCurrentTCB                              
2002fa94  gpioCallbackFunctions                     
2002fac4  gpioPinConfigs                            
2002faf4  MQTTClient_net                            
2002fb1c  g_LibsEvents                              
2002fb40  g_UserEvents                              
2002fba0  gApConnectionState                        
2002fba4  gInitState                                
2002fba8  gResetApplication                         
2002fbac  gUiConnFlag                               
2002fbb0  ClientId                                  
2002fbd8  gGlobalLockCntRequested                   
2002fbd9  gGlobalLockCntReleased                    
2002fbda  g_SlDeviceStatus                          
2002fbdc  g_pCB                                     
2002fbe0  pPingCallBackFunc                         
2002fbfc  MQTTClient_closeContext                   
2002fc00  MQTTClient_clientContext                  
2002fc04  MQTTClient_multiSrvConn                   
2002fc08  _lock                                     
2002fc0c  _unlock                                   
2002fc10  MQTTClient_clientCfg                      
2002fc38  MQTTClient_connectCfg                     
2002fc54  g_intHandle                               
2002fc5c  topic                                     
2003fc00  __stack                                   
20040000  __STACK_END                               
ffffffff  __TI_pprof_out_hndl                       
ffffffff  __TI_prof_data_size                       
ffffffff  __TI_prof_data_start                      
ffffffff  __binit__                                 
ffffffff  __c_args__                                
ffffffff  binit                                     
UNDEFED   __mpu_init                                
UNDEFED   _system_post_cinit                        

[699 symbols]
