******************************************************************************
                  TI ARM Linker PC v18.12.4                    
******************************************************************************
>> Linked Mon Apr 27 21:40:50 2020

OUTPUT FILE NAME:   <Team13_JengaRover.out>
ENTRY POINT SYMBOL: "resetISR"  address: 01017dc5


MEMORY CONFIGURATION

         name            origin    length      used     unused   attr    fill
----------------------  --------  ---------  --------  --------  ----  --------
  FLASH_HDR             01000000   000007ff  00000000  000007ff  R  X
  FLASH                 01000800   000ff800  00018920  000e6ee0  R  X
  SRAM                  20000000   00040000  00030353  0000fcad  RW X


SEGMENT ALLOCATION MAP

run origin  load origin   length   init length attrs members
----------  ----------- ---------- ----------- ----- -------
01000800    01000800    00018928   00018928    r-x
  01000800    01000800    00000040   00000040    r-- .resetVecs
  01000840    01000840    00017bbe   00017bbe    r-x .text
  01018400    01018400    00000b52   00000b52    r-- .const
  01018f58    01018f58    000001d0   000001d0    r-- .cinit
20000400    20000400    0002fc48   00000000    rw-
  20000400    20000400    0002ef53   00000000    rw- .bss
  2002f354    2002f354    00000cf4   00000000    rw- .data
2003fc00    2003fc00    00000400   00000000    rw-
  2003fc00    2003fc00    00000400   00000000    rw- .stack


SECTION ALLOCATION MAP

 output                                  attributes/
section   page    origin      length       input sections
--------  ----  ----------  ----------   ----------------
.resetVecs 
*          0    01000800    00000040     
                  01000800    00000040     freertos_builds_CC3220SF_LAUNCHXL_release_ccs.lib : startup_cc32xx_ccs.obj (.resetVecs:retain)

.text      0    01000840    00017bbe     
                  01000840    00000a4e     rtsv7M4_T_le_eabi.lib : _printfi.c.obj (.text:__TI_printfi)
                  0100128e    00000002     ti_drivers_config.obj (.text:Board_initHook)
                  01001290    000008cc     simplelink.a : driver.obj (.text:_SlDrvMsgRead)
                  01001b5c    000004bc                  : sl_socket.obj (.text:_SlSocketHandleAsync_Select)
                  01002018    0000042c     driverlib.a : prcm.obj (.text:PRCMCC3200MCUInit)
                  01002444    00000384     simplelink.a : driver.obj (.text:_SlDrvMsgWrite)
                  010027c8    00000328     network_if.obj (.text:Network_IF_ConnectAP)
                  01002af0    00000328     parseJSON.obj (.text:parseJSON)
                  01002e18    0000031c     parseJSON.obj (.text:jsmn_parse)
                  01003134    000002e8     client_cbs.obj (.text:MqttClientCallback)
                  0100341c    000002e0     simplelink.a : driver.obj (.text:_SlDrvWaitForPoolObj)
                  010036fc    000002d8                  : driver.obj (.text:_SlDrvRxHdrRead)
                  010039d4    000002b4                  : sl_socket.obj (.text:sl_Select)
                  01003c88    000002b0     mqtt_client_app.obj (.text:MqttClient_start)
                  01003f38    000002b0     mqtt_client_app.obj (.text:mainThread)
                  010041e8    00000294     simplelink.a : driver.obj (.text:_SlDrvReleasePoolObj)
                  0100447c    0000028d     network_if.obj (.text:SimpleLinkSockEventHandler)
                  01004709    00000001     --HOLE-- [fill = 0]
                  0100470a    00000002     driverlib.a : interrupt.obj (.text:IntDefaultHandler)
                  0100470c    00000280     drivers_cc32xx.aem4 : UARTCC32XX.oem4 (.text:UARTCC32XX_open)
                  0100498c    0000027c     simplelink.a : wlan.obj (.text:sl_WlanConnect)
                  01004c08    00000268     rtsv7M4_T_le_eabi.lib : _printfi.c.obj (.text:_pconv_a)
                  01004e70    00000264     network_if.obj (.text:Network_IF_InitDriver)
                  010050d4    0000025c     simplelink.a : driver.obj (.text:_SlDrvDataReadOp)
                  01005330    00000224                  : driver.obj (.text:_SlDrvDriverCBInit)
                  01005554    00000218                  : driver.obj (.text:_SlDrvDataWriteOp)
                  0100576c    0000020c     drivers_cc32xx.aem4 : UARTCC32XXDMA.oem4 (.text:UARTCC32XXDMA_open)
                  01005978    000001f4     simplelink.a : driver.obj (.text:_SlDrvMsgReadCmdCtx)
                  01005b6c    000001f2                  : netapp.obj (.text:_SlNetAppEventHandler)
                  01005d5e    00000002     freertos_builds_CC3220SF_LAUNCHXL_release_ccs.lib : PowerCC32XX_freertos.obj (.text:PowerCC32XX_initPolicy)
                  01005d60    000001e1     network_if.obj (.text:SimpleLinkFatalErrorEventHandler)
                  01005f41    00000001     --HOLE-- [fill = 0]
                  01005f42    00000002     drivers_cc32xx.aem4 : TimerCC32XX.oem4 (.text:TimerCC32XX_init)
                  01005f44    000001d4                         : GPIOCC32XX.oem4 (.text:GPIO_setConfig)
                  01006118    000001d4     network_if.obj (.text:SimpleLinkWlanEventHandler)
                  010062ec    000001d4     freertos_builds_CC3220SF_LAUNCHXL_release_ccs.lib : queue.obj (.text:xQueueSemaphoreTake)
                  010064c0    000001d0     drivers_cc32xx.aem4 : SPICC32XXDMA.oem4 (.text:SPICC32XXDMA_transfer)
                  01006690    000001cc     rtsv7M4_T_le_eabi.lib : _printfi.c.obj (.text:_pconv_g)
                  0100685c    000001c8     simplelink.a : device.obj (.text:sl_Stop)
                  01006a24    000001b8     drivers_cc32xx.aem4 : SPICC32XXDMA.oem4 (.text:configDMA)
                  01006bdc    000001b8     freertos_builds_CC3220SF_LAUNCHXL_release_ccs.lib : queue.obj (.text:xQueueGenericSend)
                  01006d94    000001b6     rtsv7M4_T_le_eabi.lib : fd_add_t2.asm.obj (.text)
                  01006f4a    00000002     drivers_cc32xx.aem4 : UARTCC32XXDMA.oem4 (.text:UARTCC32XXDMA_init)
                  01006f4c    000001b4     simplelink.a : driver.obj (.text:_SlDrvReleaseAllActivePendingPoolObj)
                  01007100    000001b0     freertos_builds_CC3220SF_LAUNCHXL_release_ccs.lib : PowerCC32XX_freertos.obj (.text:PowerCC32XX_sleepPolicy)
                  010072b0    000001ac     simplelink.a : sl_socket.obj (.text:sl_Accept)
                  0100745c    00000198     slnetsock_release.a : slnetsock.oem4 (.text:SlNetSock_select)
                  010075f4    0000018c     simplelink.a : sl_socket.obj (.text:_SlDrvRegisterForSelectAsync)
                  01007780    0000018c     parseJSON.obj (.text:jsmn_parse_string)
                  0100790c    00000184     simplelink.a : driver.obj (.text:_SlDrvFindAndSetActiveObj)
                  01007a90    00000180     network_if.obj (.text:SimpleLinkNetAppEventHandler)
                  01007c10    00000180     freertos_builds_CC3220SF_LAUNCHXL_release_ccs.lib : queue.obj (.text:xQueueReceive)
                  01007d90    00000178                                                       : heap_4.obj (.text:pvPortMalloc)
                  01007f08    00000178     simplelink.a : sl_socket.obj (.text:sl_Connect)
                  01008080    00000170                  : netapp.obj (.text:sl_NetAppDnsGetHostByName)
                  010081f0    00000164     freertos_builds_CC3220SF_LAUNCHXL_release_ccs.lib : timers.obj (.text:prvProcessReceivedCommands)
                  01008354    0000015a     mqtt_release.a : mqtt_net_func.oem4 (.text:createSocket)
                  010084ae    00000002     drivers_cc32xx.aem4 : UARTCC32XX.oem4 (.text:UARTCC32XX_init)
                  010084b0    00000158                         : SPICC32XXDMA.oem4 (.text:SPICC32XXDMA_open)
                  01008608    00000154     mqtt_release.a : mqttclient.oem4 (.text:MQTTClient_connect)
                  0100875c    00000154     simplelink.a : sl_socket.obj (.text:sl_RecvFrom)
                  010088b0    0000014c                  : sl_socket.obj (.text:sl_StartTLS)
                  010089fc    00000148     drivers_cc32xx.aem4 : PowerCC32XX.oem4 (.text:parkPins)
                  01008b44    00000140     simplelink.a : driver.obj (.text:_SlDrvMsgReadSpawnCtx)
                  01008c84    0000013c                  : driver.obj (.text:_SlDrvDriverCBDeinit)
                  01008dc0    0000013c                  : sl_socket.obj (.text:_SlDrvGetNextTimeoutValue)
                  01008efc    0000013c     rtsv7M4_T_le_eabi.lib : _printfi.c.obj (.text:_pconv_e)
                  01009038    0000013c     freertos_builds_CC3220SF_LAUNCHXL_release_ccs.lib : tasks.obj (.text:xTaskIncrementTick)
                  01009174    00000138     drivers_cc32xx.aem4 : PowerCC32XX.oem4 (.text:Power_sleep)
                  010092ac    00000138     simplelink.a : driver.obj (.text:_SlSpawnMsgListInsert)
                  010093e4    00000138     freertos_builds_CC3220SF_LAUNCHXL_release_ccs.lib : pthread.obj (.text:pthread_create)
                  0100951c    00000136     rtsv7M4_T_le_eabi.lib : fd_div_t2.asm.obj (.text)
                  01009652    00000002                           : _lock.c.obj (.text:_nop)
                  01009654    00000134     simplelink.a : sl_socket.obj (.text:_SlSocketHandleAsync_StartTLS)
                  01009788    0000012a     freertos_builds_CC3220SF_LAUNCHXL_release_ccs.lib : tasks.obj (.text:prvInitialiseNewTask)
                  010098b2    00000002                                                       : startup_cc32xx_ccs.obj (.text:busFaultHandler)
                  010098b4    00000128     drivers_cc32xx.aem4 : TimerCC32XX.oem4 (.text:TimerCC32XX_open)
                  010099dc    00000128     simplelink.a : driver.obj (.text:_SlDrvClassifyRxMsg)
                  01009b04    00000124                  : fs.obj (.text:sl_FsOpen)
                  01009c28    00000120     drivers_cc32xx.aem4 : UARTCC32XX.oem4 (.text:UARTCC32XX_close)
                  01009d48    00000120     simplelink.a : driver.obj (.text:_SlDrvAsyncEventGenericHandler)
                  01009e68    00000120     rtsv7M4_T_le_eabi.lib : _printfi.c.obj (.text:fcvt)
                  01009f88    00000120     simplelink.a : device.obj (.text:sl_Start)
                  0100a0a8    0000011c     freertos_builds_CC3220SF_LAUNCHXL_release_ccs.lib : tasks.obj (.text:xTaskResumeAll)
                  0100a1c4    00000118     simplelink.a : netapp.obj (.text:_SlNetAppHandleAsync_DnsGetHostByService)
                  0100a2dc    00000114     freertos_builds_CC3220SF_LAUNCHXL_release_ccs.lib : tasks.obj (.text:vTaskPriorityDisinheritAfterTimeout)
                  0100a3f0    00000112     mqtt_release.a : mqtt_common.oem4 (.text:MQTT_PacketRecv)
                  0100a502    00000002     freertos_builds_CC3220SF_LAUNCHXL_release_ccs.lib : startup_cc32xx_ccs.obj (.text:defaultHandler)
                  0100a504    00000110     main_mqtt_task.obj (.text:mainMqttTask)
                  0100a614    00000110     rtsv7M4_T_le_eabi.lib : strtoul.c.obj (.text:strtoul)
                  0100a724    00000108     slnetsock_release.a : slnetutils.oem4 (.text:SlNetUtil_str2BinIpV6)
                  0100a82c    00000104     simplelink.a : device.obj (.text:_SlDeviceEventHandler)
                  0100a930    00000104                  : driver.obj (.text:_SlDrvCmdOp)
                  0100aa34    00000104     freertos_builds_CC3220SF_LAUNCHXL_release_ccs.lib : queue.obj (.text:xQueueGenericSendFromISR)
                  0100ab38    00000100     mqtt_client_app.obj (.text:MqttClient)
                  0100ac38    00000100     simplelink.a : driver.obj (.text:_SlDrvObjGlobalLockWaitForever)
                  0100ad38    00000100                  : fs.obj (.text:sl_FsWrite)
                  0100ae38    000000fc     rtsv7M4_T_le_eabi.lib : fd_mul_t2.asm.obj (.text)
                  0100af34    000000fc     simplelink.a : sl_socket.obj (.text:sl_Close)
                  0100b030    000000fc     freertos_builds_CC3220SF_LAUNCHXL_release_ccs.lib : tasks.obj (.text:vTaskSuspend)
                  0100b12c    000000f8     mqtt_client_app.obj (.text:Mqtt_IF_Connect)
                  0100b224    000000f8     slnetifwifi.a : slnetifwifi.obj (.text:SlNetIfWifi_loadSecObj)
                  0100b31c    000000f8     drivers_cc32xx.aem4 : UARTCC32XXDMA.oem4 (.text:UARTCC32XXDMA_close)
                  0100b414    000000f8     mqtt_release.a : client_core.oem4 (.text:utf8ArraySend)
                  0100b50c    000000f8     freertos_builds_CC3220SF_LAUNCHXL_release_ccs.lib : tasks.obj (.text:vTaskDelete)
                  0100b604    000000f6     mqtt_release.a : mqtt_net_func.oem4 (.text:MQTTNet_commOpen)
                  0100b6fa    00000002     freertos_builds_CC3220SF_LAUNCHXL_release_ccs.lib : startup_cc32xx_ccs.obj (.text:faultISR)
                  0100b6fc    000000f4     simplelink.a : sl_socket.obj (.text:sl_SendTo)
                  0100b7f0    000000f2     drivers_cc32xx.aem4 : SPICC32XXDMA.oem4 (.text:SPICC32XXDMA_transferCancel)
                  0100b8e2    000000f2                         : UARTCC32XX.oem4 (.text:UARTCC32XX_control)
                  0100b9d4    000000f0     freertos_builds_CC3220SF_LAUNCHXL_release_ccs.lib : queue.obj (.text:xQueueGiveFromISR)
                  0100bac4    000000e8     slnetsock_release.a : slnetif.oem4 (.text:SlNetIf_add)
                  0100bbac    000000e8     drivers_cc32xx.aem4 : UARTCC32XXDMA.oem4 (.text:initHw)
                  0100bc94    000000e8     freertos_builds_CC3220SF_LAUNCHXL_release_ccs.lib : tasks.obj (.text:xTaskPriorityInherit)
                  0100bd7c    000000e4     mqtt_client_app.obj (.text:Mqtt_Stop)
                  0100be60    000000e0     mqtt_release.a : mqttclient.oem4 (.text:MqttClientCtxCreate)
                  0100bf40    000000e0     freertos_builds_CC3220SF_LAUNCHXL_release_ccs.lib : tasks.obj (.text:xTaskPriorityDisinherit)
                  0100c020    000000de     mqtt_release.a : client_core.oem4 (.text:connectMsgSend)
                  0100c0fe    00000002     freertos_builds_CC3220SF_LAUNCHXL_release_ccs.lib : startup_cc32xx_ccs.obj (.text:nmiISR)
                  0100c100    000000dc                                                       : tasks.obj (.text:vTaskSwitchContext)
                  0100c1dc    000000d8     uart_term.obj (.text:GetCmd)
                  0100c2b4    000000d8     mqtt_client_app.obj (.text:Mqtt_start)
                  0100c38c    000000d8     drivers_cc32xx.aem4 : SPICC32XXDMA.oem4 (.text:SPICC32XXDMA_close)
                  0100c464    000000d8     simplelink.a : device.obj (.text:_SlDeviceHandleAsync_InitComplete)
                  0100c53c    000000d8                  : driver.obj (.text:_SlDrvWaitForInternalAsyncEvent)
                  0100c614    000000d8                  : netapp.obj (.text:_SlNetAppHandleAsync_NetAppReceive)
                  0100c6ec    000000d8     freertos_builds_CC3220SF_LAUNCHXL_release_ccs.lib : queue.obj (.text:xQueueReceiveFromISR)
                  0100c7c4    000000d0     mqtt_client_app.obj (.text:SetClientIdNamefromMacAddress)
                  0100c894    000000d0     simplelink.a : driver.obj (.text:_SlDrvRemoveFromList)
                  0100c964    000000d0     rtsv7M4_T_le_eabi.lib : s_scalbn.c.obj (.text:scalbn)
                  0100ca34    000000cc     mqtt_release.a : mqttclient.oem4 (.text:processNotifyAckCB)
                  0100cb00    000000ca     drivers_cc32xx.aem4 : UARTCC32XX.oem4 (.text:UARTCC32XX_write)
                  0100cbca    000000c8     parseJSON.obj (.text:jsmn_parse_primitive)
                  0100cc92    000000c8     drivers_cc32xx.aem4 : SPICC32XXDMA.oem4 (.text:spiHwiFxn)
                  0100cd5a    00000002     rtsv7M4_T_le_eabi.lib : div0.asm.obj (.text)
                  0100cd5c    000000c4     drivers_cc32xx.aem4 : GPIOCC32XX.oem4 (.text:GPIO_init)
                  0100ce20    000000c4     freertos_builds_CC3220SF_LAUNCHXL_release_ccs.lib : tasks.obj (.text:prvAddNewTaskToReadyList)
                  0100cee4    000000c0     mqtt_release.a : mqttclient.oem4 (.text:MqttClientSub)
                  0100cfa4    000000c0     simplelink.a : cc_pal.obj (.text:NwpPowerOff)
                  0100d064    000000c0     uart_term.obj (.text:driveForward)
                  0100d124    000000c0     drivers_cc32xx.aem4 : PowerCC32XX.oem4 (.text:restoreParkedPins)
                  0100d1e4    000000c0     simplelink.a : netcfg.obj (.text:sl_NetCfgGet)
                  0100d2a4    000000c0     freertos_builds_CC3220SF_LAUNCHXL_release_ccs.lib : port.obj (.text:xPortStartScheduler)
                  0100d364    000000be                                                       : queue.obj (.text:prvCopyDataToQueue)
                  0100d422    00000002     main_freertos.obj (.text:vApplicationMallocFailedHook)
                  0100d424    000000bc     simplelink.a : netapp.obj (.text:_SlNetAppSendResponse)
                  0100d4e0    000000bc     mqtt_release.a : client_core.oem4 (.text:clCtxConnStateTryLocked)
                  0100d59c    000000bc     freertos_builds_CC3220SF_LAUNCHXL_release_ccs.lib : heap_4.obj (.text:prvHeapInit)
                  0100d658    000000bc                                                       : timers.obj (.text:prvSwitchTimerLists)
                  0100d714    000000bc     simplelink.a : sl_socket.obj (.text:sl_Send)
                  0100d7d0    000000ba     drivers_cc32xx.aem4 : UARTCC32XX.oem4 (.text:UARTCC32XX_readPolling)
                  0100d88a    00000002     --HOLE-- [fill = 0]
                  0100d88c    000000ba     freertos_builds_CC3220SF_LAUNCHXL_release_ccs.lib : portasm.obj (.text)
                  0100d946    00000002     --HOLE-- [fill = 0]
                  0100d948    000000b8     drivers_cc32xx.aem4 : UARTCC32XXDMA.oem4 (.text:UARTCC32XXDMA_configDMA)
                  0100da00    000000b8     simplelink.a : netapp.obj (.text:_SlNetAppHandleAsync_DnsGetHostByName)
                  0100dab8    000000b8                  : netapp.obj (.text:_SlNetAppHandleAsync_PingResponse)
                  0100db70    000000b8     drivers_cc32xx.aem4 : UARTCC32XX.oem4 (.text:initHw)
                  0100dc28    000000b8     simplelink.a : wlan.obj (.text:sl_WlanGet)
                  0100dce0    000000b8     freertos_builds_CC3220SF_LAUNCHXL_release_ccs.lib : queue.obj (.text:xQueueGenericReset)
                  0100dd98    000000b6     drivers_cc32xx.aem4 : UARTCC32XX.oem4 (.text:readTaskCallback)
                  0100de4e    00000002     --HOLE-- [fill = 0]
                  0100de50    000000b4     mqtt_release.a : mqttclient.oem4 (.text:MqttClient_send)
                  0100df04    000000b4     drivers_cc32xx.aem4 : UARTCC32XXDMA.oem4 (.text:UARTCC32XXDMA_hwiIntFxn)
                  0100dfb8    000000b4     simplelink.a : driver.obj (.text:_SlDrvHandleFatalError)
                  0100e06c    000000b4                  : netutil.obj (.text:_SlNetUtilHandleAsync_Cmd)
                  0100e120    000000b4     freertos_builds_CC3220SF_LAUNCHXL_release_ccs.lib : clock.obj (.text:_clock_abstime2ticks)
                  0100e1d4    000000b4     simplelink.a : sl_socket.obj (.text:sl_GetSockOpt)
                  0100e288    000000b1     mqtt_client_app.obj (.text:MqttClientThread)
                  0100e339    00000003     --HOLE-- [fill = 0]
                  0100e33c    000000b1     rtsv7M4_T_le_eabi.lib : _printfi.c.obj (.text:_ltostr)
                  0100e3ed    00000003     --HOLE-- [fill = 0]
                  0100e3f0    000000b0     slnetifwifi.a : slnetifwifi.obj (.text:SlNetIfWifi_getSockOpt)
                  0100e4a0    000000b0     freertos_builds_CC3220SF_LAUNCHXL_release_ccs.lib : tasks.obj (.text:prvAddCurrentTaskToDelayedList)
                  0100e550    000000b0                                                       : tasks.obj (.text:xTaskCheckForTimeOut)
                  0100e600    000000af     parseJSON.obj (.text:generateChecksum)
                  0100e6af    00000001     --HOLE-- [fill = 0]
                  0100e6b0    000000ae     slnetifwifi.a : slnetifwifi.obj (.text:matchModeByRole)
                  0100e75e    000000ae     freertos_builds_CC3220SF_LAUNCHXL_release_ccs.lib : queue.obj (.text:prvUnlockQueue)
                  0100e80c    000000ae     drivers_cc32xx.aem4 : UARTCC32XX.oem4 (.text:readIsrTextBlocking)
                  0100e8ba    00000002     --HOLE-- [fill = 0]
                  0100e8bc    000000ac     simplelink.a : sl_socket.obj (.text:_SlSocketHandleAsync_Close)
                  0100e968    000000ac                  : sl_socket.obj (.text:_SlSocketHandleAsync_Connect)
                  0100ea14    000000ac     freertos_builds_CC3220SF_LAUNCHXL_release_ccs.lib : clock.obj (.text:clock_gettime)
                  0100eac0    000000a8     driverlib.a : interrupt.obj (.text:IntDisable)
                  0100eb68    000000a8                 : interrupt.obj (.text:IntEnable)
                  0100ec10    000000a8     network_if.obj (.text:Network_IF_IpConfigGet)
                  0100ecb8    000000a8     driverlib.a : prcm.obj (.text:PRCMPeripheralClockGet)
                  0100ed60    000000a8     drivers_cc32xx.aem4 : PowerCC32XX.oem4 (.text:PowerCC32XX_configureWakeup)
                  0100ee08    000000a8     freertos_builds_CC3220SF_LAUNCHXL_release_ccs.lib : heap_4.obj (.text:prvInsertBlockIntoFreeList)
                  0100eeb0    000000a8     drivers_cc32xx.aem4 : UARTCC32XX.oem4 (.text:readTaskBlocking)
                  0100ef58    000000a8     simplelink.a : fs.obj (.text:sl_FsClose)
                  0100f000    000000a8     freertos_builds_CC3220SF_LAUNCHXL_release_ccs.lib : tasks.obj (.text:xTaskRemoveFromEventList)
                  0100f0a8    000000a6     simplelink.a : driver.obj (.text:_SlDrvIsTimeoutExpired)
                  0100f14e    00000002     --HOLE-- [fill = 0]
                  0100f150    000000a4     mqtt_release.a : mqttclient.oem4 (.text:MQTTClient_create)
                  0100f1f4    000000a4                    : mqttclient.oem4 (.text:MqttClientConfig)
                  0100f298    000000a4     simplelink.a : sl_socket.obj (.text:sl_Bind)
                  0100f33c    000000a2     drivers_cc32xx.aem4 : UARTCC32XX.oem4 (.text:readIsrTextCallback)
                  0100f3de    000000a2                         : UARTCC32XX.oem4 (.text:writeData)
                  0100f480    000000a0     freertos_builds_CC3220SF_LAUNCHXL_release_ccs.lib : ClockP_freertos.obj (.text:ClockP_create)
                  0100f520    000000a0     simplelink.a : fs.obj (.text:FsGetCreateFsMode)
                  0100f5c0    000000a0     mqtt_release.a : mqttclient.oem4 (.text:MQTTClient_delete)
                  0100f660    000000a0     simplelink.a : sl_socket.obj (.text:_SlDrvUnRegisterForSelectAsync)
                  0100f700    000000a0                  : driver.obj (.text:_SlSpawnMsgListProcess)
                  0100f7a0    000000a0     mqtt_client_app.obj (.text:sendMQTTJSON)
                  0100f840    0000009e     simplelink.a : cc_pal.obj (.text:spi_Read)
                  0100f8de    0000009e                  : cc_pal.obj (.text:spi_Write)
                  0100f97c    0000009c     mqtt_release.a : client_core.oem4 (.text:MQTTClientCore_initLib)
                  0100fa18    0000009c                    : client_core.oem4 (.text:MQTTClientCore_sendPubMsg)
                  0100fab4    0000009c                    : mqttclient.oem4 (.text:MqttClientUnsub)
                  0100fb50    0000009c     mqtt_client_app.obj (.text:Mqtt_ClientStop)
                  0100fbec    0000009c     mqtt_release.a : client_core.oem4 (.text:_msgDispatch)
                  0100fc88    0000009c     rtsv7M4_T_le_eabi.lib : memcpy_t2.asm.obj (.text)
                  0100fd24    0000009c     freertos_builds_CC3220SF_LAUNCHXL_release_ccs.lib : heap_4.obj (.text:vPortFree)
                  0100fdc0    0000009a     mqtt_release.a : client_core.oem4 (.text:procPubMsgRx)
                  0100fe5a    00000098     uart_term.obj (.text:TrimSpace)
                  0100fef2    00000002     --HOLE-- [fill = 0]
                  0100fef4    00000098     drivers_cc32xx.aem4 : GPIOCC32XX.oem4 (.text:powerNotifyFxn)
                  0100ff8c    00000096     mqtt_release.a : mqtt_net_func.oem4 (.text:MQTTNet_tcpSelect)
                  01010022    00000096     rtsv7M4_T_le_eabi.lib : ull_div_t2.asm.obj (.text)
                  010100b8    00000094     simplelink.a : cc_pal.obj (.text:Semaphore_pend_handle)
                  0101014c    00000094     drivers_cc32xx.aem4 : SPICC32XXDMA.oem4 (.text:initHw)
                  010101e0    00000094     freertos_builds_CC3220SF_LAUNCHXL_release_ccs.lib : tasks.obj (.text:vTaskStartScheduler)
                  01010274    00000092     slnetsock_release.a : slnetsock.oem4 (.text:SlNetSock_create)
                  01010306    00000002     --HOLE-- [fill = 0]
                  01010308    00000090                         : slnetsock.oem4 (.text:SlNetSock_getVirtualSdConf)
                  01010398    00000090     simplelink.a : device.obj (.text:_SlDeviceHandleAsync_Stop)
                  01010428    00000090                  : sl_socket.obj (.text:_SlSocketHandleAsync_Accept)
                  010104b8    00000090     mqtt_release.a : mqttclient.oem4 (.text:processPublishRxCB)
                  01010548    00000090     drivers_cc32xx.aem4 : PowerCC32XX.oem4 (.text:restoreNVICRegs)
                  010105d8    0000008e     debug.obj (.text:dbgOutputLoc)
                  01010666    00000002     --HOLE-- [fill = 0]
                  01010668    0000008c     mqtt_release.a : client_core.oem4 (.text:MQTTClientCore_createCtx)
                  010106f4    0000008c     slnetsock_release.a : slnetsock.oem4 (.text:SlNetSock_accept)
                  01010780    0000008c     drivers_cc32xx.aem4 : UARTCC32XXDMA.oem4 (.text:UARTCC32XXDMA_write)
                  0101080c    0000008c     simplelink.a : driver.obj (.text:_SlDrvDriverIsApiAllowed)
                  01010898    0000008c     freertos_builds_CC3220SF_LAUNCHXL_release_ccs.lib : clock.obj (.text:_clock_gettimeMono)
                  01010924    0000008c     simplelink.a : sl_socket.obj (.text:sl_Recv)
                  010109b0    00000088     driverlib.a : pin.obj (.text:PinConfigSet)
                  01010a38    00000088     drivers_cc32xx.aem4 : TimerCC32XX.oem4 (.text:TimerCC32XX_setPeriod)
                  01010ac0    00000088     simplelink.a : driver.obj (.text:_SlDrvProtectAsyncRespSetting)
                  01010b48    00000088     mqtt_release.a : client_core.oem4 (.text:procConnackRx)
                  01010bd0    00000088     freertos_builds_CC3220SF_LAUNCHXL_release_ccs.lib : timers.obj (.text:prvProcessTimerOrBlockTask)
                  01010c58    00000088     simplelink.a : eventreg.obj (.text:sl_UnregisterLibsEventHandler)
                  01010ce0    00000088     mqtt_release.a : client_core.oem4 (.text:wrConnectPayload)
                  01010d68    00000086     rtsv7M4_T_le_eabi.lib : fd_cmp_t2.asm.obj (.text:__aeabi_cdcmple)
                  01010dee    00000086                           : fd_cmp_t2.asm.obj (.text:__aeabi_cdrcmple)
                  01010e74    00000084     drivers_cc32xx.aem4 : PowerCC32XX.oem4 (.text:Power_init)
                  01010ef8    00000084     slnetifwifi.a : slnetifwifi.obj (.text:SlNetIfWifi_sockstartSec)
                  01010f7c    00000084     slnetsock_release.a : slnetutils.oem4 (.text:SlNetUtil_getHostByName)
                  01011000    00000084     mqtt_release.a : client_core.oem4 (.text:mqpSetupProcCtxDataRecv)
                  01011084    00000084     drivers_cc32xx.aem4 : PowerCC32XX.oem4 (.text:saveNVICRegs)
                  01011108    00000084     simplelink.a : sl_socket.obj (.text:sl_SetSockOpt)
                  0101118c    00000084     freertos_builds_CC3220SF_LAUNCHXL_release_ccs.lib : timers.obj (.text:xTimerGenericCommand)
                  01011210    00000080     drivers_cc32xx.aem4 : PowerCC32XX.oem4 (.text:Power_setDependency)
                  01011290    00000080                         : UARTCC32XXDMA.oem4 (.text:UARTCC32XXDMA_read)
                  01011310    00000080     mqtt_release.a : client_core.oem4 (.text:clCtxPartSend)
                  01011390    00000080     freertos_builds_CC3220SF_LAUNCHXL_release_ccs.lib : timers.obj (.text:prvProcessExpiredTimer)
                  01011410    0000007c     drivers_cc32xx.aem4 : UDMACC32XX.oem4 (.text:UDMACC32XX_open)
                  0101148c    0000007c     mqtt_release.a : client_core.oem4 (.text:procCtxDataRecv)
                  01011508    0000007c     drivers_cc32xx.aem4 : UARTCC32XX.oem4 (.text:readIsrBinaryBlocking)
                  01011584    0000007a                         : UARTCC32XXDMA.oem4 (.text:UARTCC32XXDMA_readPolling)
                  010115fe    0000007a     freertos_builds_CC3220SF_LAUNCHXL_release_ccs.lib : pthread.obj (.text:removeThreadKeys)
                  01011678    0000007a     rtsv7M4_T_le_eabi.lib : memset_t2.asm.obj (.text)
                  010116f2    0000007a     freertos_builds_CC3220SF_LAUNCHXL_release_ccs.lib : tasks.obj (.text:xTaskCreate)
                  0101176c    00000078     drivers_cc32xx.aem4 : GPIOCC32XX.oem4 (.text:GPIO_hwiIntFxn)
                  010117e4    00000078     mqtt_release.a : mqtt_net_func.oem4 (.text:MQTTNet_recvFrom)
                  0101185c    00000078     drivers_cc32xx.aem4 : TimerCC32XX.oem4 (.text:TimerCC32XX_start)
                  010118d4    00000078     freertos_builds_CC3220SF_LAUNCHXL_release_ccs.lib : timers.obj (.text:prvInsertTimerInActiveList)
                  0101194c    00000078     drivers_cc32xx.aem4 : UARTCC32XX.oem4 (.text:readIsrBinaryCallback)
                  010119c4    00000078     simplelink.a : sl_socket.obj (.text:sl_Socket)
                  01011a3c    00000074     mqtt_release.a : mqtt_net_func.oem4 (.text:MQTTNet_tcpAccept)
                  01011ab0    00000074     slnetsock_release.a : slnetsock.oem4 (.text:SlNetSock_AllocVirtualSocket)
                  01011b24    00000074     drivers_cc32xx.aem4 : UARTCC32XX.oem4 (.text:UARTCC32XX_hwiIntFxn)
                  01011b98    00000074     mqtt_release.a : client_core.oem4 (.text:groupCtxsRxPrep)
                  01011c0c    00000074     freertos_builds_CC3220SF_LAUNCHXL_release_ccs.lib : tasks.obj (.text:prvInitialiseTaskLists)
                  01011c80    00000074                                                       : pthread_mutex.obj (.text:pthread_mutex_init)
                  01011cf4    00000074                                                       : port.obj (.text:vPortValidateInterruptPriority)
                  01011d68    00000072     mqtt_release.a : mqtt_common.oem4 (.text:MQTT_packetProcPubRx)
                  01011dda    00000002     --HOLE-- [fill = 0]
                  01011ddc    00000070     simplelink.a : driver.obj (.text:_SlDrvCmdSend_noLock)
                  01011e4c    00000070     freertos_builds_CC3220SF_LAUNCHXL_release_ccs.lib : ClockP_freertos.obj (.text:setClockObjTimeout)
                  01011ebc    0000006e     rtsv7M4_T_le_eabi.lib : _printfi.c.obj (.text:_mcpy)
                  01011f2a    00000002     --HOLE-- [fill = 0]
                  01011f2c    0000006c     mqtt_release.a : mqttclient.oem4 (.text:MQTTClient_run)
                  01011f98    0000006c     slnetsock_release.a : slnetutils.oem4 (.text:SlNetUtil_str2BinIpV4)
                  01012004    0000006c     simplelink.a : device.obj (.text:_SlDeviceHandleResetRequestInternally)
                  01012070    0000006c                  : sl_socket.obj (.text:_SlDrvOpenCtrlSocket)
                  010120dc    0000006c                  : netapp.obj (.text:_SlNetAppSendTokenValue)
                  01012148    0000006a     mqtt_release.a : mqtt_net_func.oem4 (.text:MQTTNet_sendTo)
                  010121b2    0000006a     freertos_builds_CC3220SF_LAUNCHXL_release_ccs.lib : queue.obj (.text:xQueueGenericCreate)
                  0101221c    00000068     mqtt_release.a : mqtt_common.oem4 (.text:MQTT_qos2PubCqUnlog)
                  01012284    00000068     simplelink.a : driver.obj (.text:_SlSpawnMsgListGetCount)
                  010122ec    00000068     mqtt_client_app.obj (.text:createMotorThread)
                  01012354    00000068     rtsv7M4_T_le_eabi.lib : copy_decompress_lzss.c.obj (.text:decompress:lzss:__TI_decompress_lzss)
                  010123bc    00000068     debug.obj (.text:initGPIO)
                  01012424    00000068     main_freertos.obj (.text:main)
                  0101248c    00000068     simplelink.a : cc_pal.obj (.text:spi_Open)
                  010124f4    00000068     mqtt_client_app.obj (.text:startMainMQTTTask)
                  0101255c    00000066     drivers_cc32xx.aem4 : UARTCC32XX.oem4 (.text:UARTCC32XX_writeCancel)
                  010125c2    00000066     freertos_builds_CC3220SF_LAUNCHXL_release_ccs.lib : timers.obj (.text:prvInitialiseNewTimer)
                  01012628    00000066                                                       : list.obj (.text:vListInsert)
                  0101268e    00000002     --HOLE-- [fill = 0]
                  01012690    00000064                                                       : ClockP_freertos.obj (.text:ClockP_stop)
                  010126f4    00000064     drivers_cc32xx.aem4 : GPIOCC32XX.oem4 (.text:GPIO_toggle)
                  01012758    00000064     mqtt_release.a : mqtt_common.oem4 (.text:MQTT_packetPubAppendTopic)
                  010127bc    00000064     drivers_cc32xx.aem4 : PowerCC32XX.oem4 (.text:PowerCC32XX_setParkState)
                  01012820    00000064     freertos_builds_CC3220SF_LAUNCHXL_release_ccs.lib : pthread_mutex.obj (.text:acquireMutex)
                  01012884    00000064     mqtt_release.a : client_core.oem4 (.text:clientReset)
                  010128e8    00000064                    : client_core.oem4 (.text:doNetClose)
                  0101294c    00000064     freertos_builds_CC3220SF_LAUNCHXL_release_ccs.lib : tasks.obj (.text:prvGetExpectedIdleTime)
                  010129b0    00000062     drivers_cc32xx.aem4 : UARTCC32XX.oem4 (.text:UARTCC32XX_writePolling)
                  01012a12    00000002     --HOLE-- [fill = 0]
                  01012a14    00000060     freertos_builds_CC3220SF_LAUNCHXL_release_ccs.lib : HwiPCC32XX_freertos.obj (.text:HwiP_create)
                  01012a74    00000060     driverlib.a : prcm.obj (.text:PRCMSysResetCauseGet)
                  01012ad4    00000060     slnetsock_release.a : slnetsock.oem4 (.text:SlNetSock_recvFrom)
                  01012b34    00000060                         : slnetsock.oem4 (.text:SlNetSock_sendTo)
                  01012b94    00000060     drivers_cc32xx.aem4 : UARTCC32XXDMA.oem4 (.text:UARTCC32XXDMA_control)
                  01012bf4    00000060     freertos_builds_CC3220SF_LAUNCHXL_release_ccs.lib : pthread_mutex.obj (.text:pthread_mutex_unlock)
                  01012c54    0000005e     slnetifwifi.a : slnetifwifi.obj (.text:SlNetIfWifi_setSockOpt)
                  01012cb2    0000005e     freertos_builds_CC3220SF_LAUNCHXL_release_ccs.lib : semaphore.obj (.text:sem_timedwait)
                  01012d10    0000005c     drivers_cc32xx.aem4 : GPIOCC32XX.oem4 (.text:GPIO_setCallback)
                  01012d6c    0000005c     mqtt_release.a : client_core.oem4 (.text:MQTTClientCore_exitLib)
                  01012dc8    0000005c                    : mqtt_net_func.oem4 (.text:MQTTNet_tcpListen)
                  01012e24    0000005c     simplelink.a : spawn.obj (.text:_SlInternalSpawn)
                  01012e80    0000005c     freertos_builds_CC3220SF_LAUNCHXL_release_ccs.lib : memory.obj (.text:calloc)
                  01012edc    0000005c     rtsv7M4_T_le_eabi.lib : s_frexp.c.obj (.text:frexp)
                  01012f38    0000005c     freertos_builds_CC3220SF_LAUNCHXL_release_ccs.lib : tasks.obj (.text:prvIdleTask)
                  01012f94    0000005c                                                       : pthread.obj (.text:pthread_exit)
                  01012ff0    0000005c                                                       : queue.obj (.text:vQueueWaitForMessageRestricted)
                  0101304c    0000005c                                                       : tasks.obj (.text:vTaskDelay)
                  010130a8    00000058     drivers_cc32xx.aem4 : GPIOCC32XX.oem4 (.text:GPIO_write)
                  01013100    00000058     driverlib.a : interrupt.obj (.text:IntPendClear)
                  01013158    00000058                 : prcm.obj (.text:PRCMPeripheralReset)
                  010131b0    00000058     drivers_cc32xx.aem4 : PowerCC32XX.oem4 (.text:Power_releaseDependency)
                  01013208    00000058     slnetsock_release.a : slnetsock.oem4 (.text:SlNetSock_recv)
                  01013260    00000058                         : slnetsock.oem4 (.text:SlNetSock_send)
                  010132b8    00000058     simplelink.a : sl_socket.obj (.text:_SlDrvClearCtrlSocket)
                  01013310    00000058     mqtt_release.a : client_core.oem4 (.text:clRecv)
                  01013368    00000058     freertos_builds_CC3220SF_LAUNCHXL_release_ccs.lib : tasks.obj (.text:eTaskConfirmSleepModeStatus)
                  010133c0    00000058     mqtt_release.a : client_core.oem4 (.text:singleCtxKaSequence)
                  01013418    00000058     simplelink.a : sl_socket.obj (.text:sl_Listen)
                  01013470    00000058                  : eventreg.obj (.text:sl_RegisterLibsEventHandler)
                  010134c8    00000058     freertos_builds_CC3220SF_LAUNCHXL_release_ccs.lib : port.obj (.text:vPortSetupTimerInterrupt)
                  01013520    00000058                                                       : queue.obj (.text:xQueueCreateCountingSemaphore)
                  01013578    00000058                                                       : queue.obj (.text:xQueueTakeMutexRecursive)
                  010135d0    00000056     mqtt_release.a : mqtt_common.oem4 (.text:MQTT_packetPubAppendData)
                  01013626    00000056     freertos_builds_CC3220SF_LAUNCHXL_release_ccs.lib : SemaphoreP_freertos.obj (.text:SemaphoreP_create)
                  0101367c    00000056     drivers_cc32xx.aem4 : TimerCC32XX.oem4 (.text:TimerCC32XX_stop)
                  010136d2    00000056     rtsv7M4_T_le_eabi.lib : _printfi.c.obj (.text:_pconv_f)
                  01013728    00000056     mqtt_release.a : client_core.oem4 (.text:procAckMsgRx)
                  0101377e    00000002     --HOLE-- [fill = 0]
                  01013780    00000054     freertos_builds_CC3220SF_LAUNCHXL_release_ccs.lib : ClockP_freertos.obj (.text:ClockP_delete)
                  010137d4    00000054     uart_term.obj (.text:InitTerm)
                  01013828    00000054     driverlib.a : interrupt.obj (.text:IntPrioritySet)
                  0101387c    00000054     mqtt_release.a : client_core.oem4 (.text:MQTTClientCore_deleteCtx)
                  010138d0    00000054                    : client_core.oem4 (.text:MQTTClientCore_sendDisconn)
                  01013924    00000054     simplelink.a : driver.obj (.text:_SlDrvRxIrqHandler)
                  01013978    00000054     mqtt_release.a : client_core.oem4 (.text:grpNetSetupCreate)
                  010139cc    00000054     rtsv7M4_T_le_eabi.lib : ltoa.c.obj (.text:ltoa)
                  01013a20    00000054     drivers_cc32xx.aem4 : UARTCC32XX.oem4 (.text:ringBufGet)
                  01013a74    00000054     freertos_builds_CC3220SF_LAUNCHXL_release_ccs.lib : timers.obj (.text:xTimerCreateTimerTask)
                  01013ac8    00000052     drivers_cc32xx.aem4 : PowerCC32XX_asm.oem4 (.text:PowerCC32XX_resumeLPDS)
                  01013b1a    00000052     rtsv7M4_T_le_eabi.lib : _printfi.c.obj (.text:_ecpy)
                  01013b6c    00000052     drivers_cc32xx.aem4 : TimerCC32XX.oem4 (.text:initHw)
                  01013bbe    00000002     --HOLE-- [fill = 0]
                  01013bc0    00000050     simplelink.a : cc_pal.obj (.text:NwpRegisterInterruptHandler)
                  01013c10    00000050     slnetsock_release.a : slnetif.oem4 (.text:SlNetIf_queryIf)
                  01013c60    00000050     drivers_cc32xx.aem4 : TimerCC32XX.oem4 (.text:TimerCC32XX_allocateTimerResource)
                  01013cb0    00000050                         : UARTCC32XXDMA.oem4 (.text:UARTCC32XXDMA_writePolling)
                  01013d00    00000050     simplelink.a : sl_socket.obj (.text:_SlDrvCloseCtrlSocket)
                  01013d50    00000050                  : driver.obj (.text:_SlDrvCmdSend_noWait)
                  01013da0    00000050                  : driver.obj (.text:_SlDrvUpdateApiInProgress)
                  01013df0    00000050                  : spawn.obj (.text:_SlInternalSpawnTaskEntry)
                  01013e40    00000050                  : eventreg.obj (.text:_SlNetAppHttpServerHdlr)
                  01013e90    00000050                  : eventreg.obj (.text:_SlNetAppRequestHdlr)
                  01013ee0    00000050     mqtt_release.a : client_core.oem4 (.text:_procAckMsgRx)
                  01013f30    00000050     publish_timer.obj (.text:pTimerFunct)
                  01013f80    00000050     freertos_builds_CC3220SF_LAUNCHXL_release_ccs.lib : port.obj (.text:pxPortInitialiseStack)
                  01013fd0    00000050                                                       : semaphore.obj (.text:sem_init)
                  01014020    00000050                                                       : queue.obj (.text:xQueueGiveMutexRecursive)
                  01014070    0000004e     mqtt_release.a : client_core.oem4 (.text:MQTTClientCore_registerWillInfo)
                  010140be    0000004e     drivers_cc32xx.aem4 : UARTCC32XXDMA.oem4 (.text:writeCancel)
                  0101410c    0000004c                         : GPIOCC32XX.oem4 (.text:GPIO_enableInt)
                  01014158    0000004c     simplelink.a : cc_pal.obj (.text:NwpWaitForShutDownInd)
                  010141a4    0000004c     drivers_cc32xx.aem4 : PowerCC32XX.oem4 (.text:PowerCC32XX_parkPin)
                  010141f0    0000004c     slnetifwifi.a : slnetifwifi.obj (.text:SlNetIfWifi_getConnectionStatus)
                  0101423c    0000004c     slnetsock_release.a : slnetsock.oem4 (.text:SlNetSock_freeVirtualSocket)
                  01014288    0000004c                         : slnetsock.oem4 (.text:SlNetSock_startSec)
                  010142d4    0000004c     mqtt_release.a : client_core.oem4 (.text:ack1WlMqpDispatch)
                  01014320    0000004c     rtsv7M4_T_le_eabi.lib : atoi.c.obj (.text:atoi)
                  0101436c    0000004c     freertos_builds_CC3220SF_LAUNCHXL_release_ccs.lib : startup_cc32xx_ccs.obj (.text:initVectors)
                  010143b8    0000004c     mqtt_release.a : client_core.oem4 (.text:loopbTrigger)
                  01014404    0000004c     freertos_builds_CC3220SF_LAUNCHXL_release_ccs.lib : timers.obj (.text:prvCheckForValidListAndQueue)
                  01014450    0000004c                                                       : tasks.obj (.text:prvCheckTasksWaitingTermination)
                  0101449c    0000004c     drivers_cc32xx.aem4 : PowerCC32XX.oem4 (.text:restorePeriphClocks)
                  010144e8    0000004c     mqtt_release.a : client_core.oem4 (.text:singleCtxRxPrep)
                  01014534    0000004c     simplelink.a : wlan.obj (.text:sl_WlanSetMode)
                  01014580    0000004c     rtsv7M4_T_le_eabi.lib : snprintf.c.obj (.text:snprintf)
                  010145cc    0000004c     freertos_builds_CC3220SF_LAUNCHXL_release_ccs.lib : port.obj (.text:vPortEnterCritical)
                  01014618    0000004a     mqtt_release.a : client_core.oem4 (.text:clCtxRecv)
                  01014662    0000004a     drivers_cc32xx.aem4 : UARTCC32XXDMA.oem4 (.text:readCancel)
                  010146ac    00000048     driverlib.a : flash.obj (.text:FlashDisable)
                  010146f4    00000048     freertos_builds_CC3220SF_LAUNCHXL_release_ccs.lib : HwiPCC32XX_freertos.obj (.text:HwiP_dispatch)
                  0101473c    00000048     mqtt_release.a : mqttclient.oem4 (.text:MQTTClient_set)
                  01014784    00000048     driverlib.a : prcm.obj (.text:PRCMLPDSEnter)
                  010147cc    00000048                 : prcm.obj (.text:PRCMPeripheralClkEnable)
                  01014814    00000048     drivers_cc32xx.aem4 : PowerCC32XX.oem4 (.text:Power_releaseConstraint)
                  0101485c    00000048     slnetsock_release.a : slnetsock.oem4 (.text:SlNetSock_connect)
                  010148a4    00000048                         : slnetsock.oem4 (.text:SlNetSock_init)
                  010148ec    00000048                         : slnetsock.oem4 (.text:SlNetSock_setOpt)
                  01014934    00000048     simplelink.a : eventreg.obj (.text:_SlDeviceFatalErrorEvtHdlr)
                  0101497c    00000048                  : eventreg.obj (.text:_SlDeviceGeneralEvtHdlr)
                  010149c4    00000048                  : driver.obj (.text:_SlDrvBasicCmd)
                  01014a0c    00000048                  : driver.obj (.text:_SlDrvSyncObjWaitTimeout)
                  01014a54    00000048                  : eventreg.obj (.text:_SlNetAppEvtHdlr)
                  01014a9c    00000048                  : eventreg.obj (.text:_SlNetAppRequestMemFree)
                  01014ae4    00000048                  : eventreg.obj (.text:_SlSockEvtHdlr)
                  01014b2c    00000048                  : eventreg.obj (.text:_SlWlanEvtHdlr)
                  01014b74    00000048     mqtt_release.a : client_core.oem4 (.text:bufUTF8WrTry)
                  01014bbc    00000048                    : client_core.oem4 (.text:clCtxSetup)
                  01014c04    00000048     parseJSON.obj (.text:jsoneq)
                  01014c4c    00000048     rtsv7M4_T_le_eabi.lib : fd_toi_t2.asm.obj (.text)
                  01014c94    00000048     freertos_builds_CC3220SF_LAUNCHXL_release_ccs.lib : sleep.obj (.text:sleep)
                  01014cdc    00000048                                                       : list.obj (.text:uxListRemove)
                  01014d24    00000048     mqtt_release.a : client_core.oem4 (.text:wrConnectVh)
                  01014d6c    00000046     drivers_cc32xx.aem4 : RingBuf.oem4 (.text:RingBuf_put)
                  01014db2    00000046                         : TimerCC32XX.oem4 (.text:getPrescaler)
                  01014df8    00000044     mqtt_release.a : client_core.oem4 (.text:MQTTClientCore_run)
                  01014e3c    00000044                    : mqtt_net_func.oem4 (.text:MQTTNet_tcpRecv)
                  01014e80    00000044                    : mqttclient.oem4 (.text:MqttClientCtxDelete)
                  01014ec4    00000044     driverlib.a : prcm.obj (.text:PRCMLPDSRestoreInfoSet)
                  01014f08    00000044     drivers_cc32xx.aem4 : PowerCC32XX_asm.oem4 (.text:PowerCC32XX_enterLPDS)
                  01014f4c    00000044                         : SPI.oem4 (.text:SPI_init)
                  01014f90    00000044     slnetsock_release.a : slnetutils.oem4 (.text:SlNetUtil_strTok)
                  01014fd4    00000044     drivers_cc32xx.aem4 : Timer.oem4 (.text:Timer_init)
                  01015018    00000044                         : UART.oem4 (.text:UART_init)
                  0101505c    00000044     rtsv7M4_T_le_eabi.lib : autoinit.c.obj (.text:__TI_auto_init_nobinit_nopinit:__TI_auto_init_nobinit_nopinit)
                  010150a0    00000044     freertos_builds_CC3220SF_LAUNCHXL_release_ccs.lib : queue.obj (.text:prvInitialiseNewQueue)
                  010150e4    00000044     eventQueue.obj (.text:sendMsgToEventQueue)
                  01015128    00000044     pubSubQueue.obj (.text:sendMsgToPSQueue)
                  0101516c    00000044     freertos_builds_CC3220SF_LAUNCHXL_release_ccs.lib : tasks.obj (.text:vTaskStepTick)
                  010151b0    00000044     mqtt_release.a : client_core.oem4 (.text:vhMsgSend)
                  010151f4    00000042                    : mqtt_common.oem4 (.text:MQTT_packetBufRdRemlen)
                  01015236    00000042     freertos_builds_CC3220SF_LAUNCHXL_release_ccs.lib : memory.obj (.text:malloc)
                  01015278    00000040     simplelink.a : sl_socket.obj (.text:CountSetBits)
                  010152b8    00000040     mqtt_release.a : client_core.oem4 (.text:MQTTClientCore_registerCtxInfo)
                  010152f8    00000040     driverlib.a : pin.obj (.text:PinModeSet)
                  01015338    00000040     drivers_cc32xx.aem4 : RingBuf.oem4 (.text:RingBuf_get)
                  01015378    00000040                         : SPI.oem4 (.text:SPI_open)
                  010153b8    00000040     network_if.obj (.text:SimpleLinkGeneralEventHandler)
                  010153f8    00000040     slnetsock_release.a : slnetsock.oem4 (.text:SlNetSock_bind)
                  01015438    00000040                         : slnetsock.oem4 (.text:SlNetSock_secAttribSet)
                  01015478    00000040     drivers_cc32xx.aem4 : Timer.oem4 (.text:Timer_open)
                  010154b8    00000040                         : UARTCC32XX.oem4 (.text:UARTCC32XX_read)
                  010154f8    00000040                         : UART.oem4 (.text:UART_open)
                  01015538    00000040                         : UDMACC32XX.oem4 (.text:UDMACC32XX_init)
                  01015578    00000040     simplelink.a : driver.obj (.text:_SlDrvGlobalObjUnLock)
                  010155b8    00000040                  : driver.obj (.text:_SlFindAndReleasePendingCmd)
                  010155f8    00000040                  : spawn.obj (.text:_SlInternalSpawnWaitForEvent)
                  01015638    00000040                  : eventreg.obj (.text:_SlIsEventRegistered)
                  01015678    00000040     freertos_builds_CC3220SF_LAUNCHXL_release_ccs.lib : aeabi_portable.obj (.text:__aeabi_errno_addr)
                  010156b8    00000040     mqtt_release.a : mqttclient.oem4 (.text:_sl_ExtLib_ServerAckLockedWait)
                  010156f8    00000040     parseJSON.obj (.text:jsmn_alloc_token)
                  01015738    00000040     mqtt_release.a : client_core.oem4 (.text:netConnect)
                  01015778    00000040     eventQueue.obj (.text:readFromEventQueue)
                  010157b8    00000040     pubSubQueue.obj (.text:readFromPSQueue)
                  010157f8    00000040     freertos_builds_CC3220SF_LAUNCHXL_release_ccs.lib : tasks.obj (.text:vTaskPlaceOnEventListRestricted)
                  01015838    00000040     rtsv7M4_T_le_eabi.lib : vsnprintf.c.obj (.text:vsnprintf)
                  01015878    0000003e     freertos_builds_CC3220SF_LAUNCHXL_release_ccs.lib : ClockP_freertos.obj (.text:ClockP_callbackFxn)
                  010158b6    0000003e     mqtt_release.a : mqtt_common.oem4 (.text:MQTT_packetAckWlistRemove)
                  010158f4    0000003e                    : mqtt_common.oem4 (.text:MQTT_packetBufTailWrRemlen)
                  01015932    0000003e     slnetsock_release.a : slnetsock.oem4 (.text:SlNetSock_close)
                  01015970    0000003e     simplelink.a : sl_socket.obj (.text:_SlSocketBuildAddress)
                  010159ae    0000003e     rtsv7M4_T_le_eabi.lib : _printfi.c.obj (.text:_fcpy)
                  010159ec    0000003e     mqtt_release.a : client_core.oem4 (.text:clCtxSeg1Send)
                  01015a2a    0000003e                    : client_core.oem4 (.text:procPingrspRx)
                  01015a68    0000003e     freertos_builds_CC3220SF_LAUNCHXL_release_ccs.lib : pthread.obj (.text:pthread_setcancelstate)
                  01015aa6    0000003e                                                       : semaphore.obj (.text:sem_post)
                  01015ae4    0000003c     mqtt_release.a : client_core.oem4 (.text:MQTTClientCore_registerBuffers)
                  01015b20    0000003c                    : mqttclient.oem4 (.text:MQTTClient_disconnect)
                  01015b5c    0000003c                    : mqtt_common.oem4 (.text:MQTT_qos2PubCqCheck)
                  01015b98    0000003c     network_if.obj (.text:Network_IF_DisconnectFromAP)
                  01015bd4    0000003c     driverlib.a : prcm.obj (.text:PRCMSlowClkCtrFastGet)
                  01015c10    0000003c     drivers_cc32xx.aem4 : PowerCC32XX.oem4 (.text:Power_setConstraint)
                  01015c4c    0000003c     uart_term.obj (.text:Report)
                  01015c88    0000003c     simplelink.a : netapp.obj (.text:_SlNetAppCopyPingResultsToReport)
                  01015cc4    0000003c     mqtt_release.a : mqttclient.oem4 (.text:processDisconnCB)
                  01015d00    0000003c     freertos_builds_CC3220SF_LAUNCHXL_release_ccs.lib : queue.obj (.text:prvCopyDataFromQueue)
                  01015d3c    0000003c                                                       : tasks.obj (.text:prvResetNextTaskUnblockTime)
                  01015d78    0000003c                                                       : tasks.obj (.text:pvTaskGetThreadLocalStoragePointer)
                  01015db4    0000003c     mqtt_release.a : client_core.oem4 (.text:singleCtxRxPrepLocked)
                  01015df0    0000003c                    : client_core.oem4 (.text:tailIncorpMsgID)
                  01015e2c    0000003c     simplelink.a : sl_socket.obj (.text:to_mSec)
                  01015e68    0000003c     freertos_builds_CC3220SF_LAUNCHXL_release_ccs.lib : sleep.obj (.text:usleep)
                  01015ea4    0000003c                                                       : list.obj (.text:vListInsertEnd)
                  01015ee0    0000003c                                                       : timers.obj (.text:xTimerCreate)
                  01015f1c    0000003a     slnetifwifi.a : slnetifwifi.obj (.text:SlNetIfWifi_getIPAddr)
                  01015f56    0000003a     drivers_cc32xx.aem4 : TimerCC32XX.oem4 (.text:TimerCC32XX_close)
                  01015f90    0000003a     mqtt_release.a : mqtt_common.oem4 (.text:mqpProcVhMsgIdRx)
                  01015fca    00000002     --HOLE-- [fill = 0]
                  01015fcc    00000038                    : client_core.oem4 (.text:MQTTClientCore_registerNetSvc)
                  01016004    00000038                    : mqtt_common.oem4 (.text:MQTT_qos2PubCqLogup)
                  0101603c    00000038     driverlib.a : prcm.obj (.text:PRCMLPDSEnterKeepDebugIf)
                  01016074    00000038     slnetifwifi.a : slnetifwifi.obj (.text:SlNetIfWifi_recvFrom)
                  010160ac    00000038                   : slnetifwifi.obj (.text:SlNetIfWifi_sendTo)
                  010160e4    00000038                   : slnetifwifi.obj (.text:SlNetIfWifi_socket)
                  0101611c    00000038     slnetsock_release.a : slnetif.oem4 (.text:SlNetIf_configCheck)
                  01016154    00000038                         : slnetsock.oem4 (.text:SlNetSock_listen)
                  0101618c    00000038                         : slnetutils.oem4 (.text:SlNetUtil_htonl)
                  010161c4    00000038     parseJSON.obj (.text:addStringChecksum)
                  010161fc    00000038     mqtt_release.a : client_core.oem4 (.text:mqpAllocAtomic)
                  01016234    00000038                    : client_core.oem4 (.text:netRecv)
                  0101626c    00000038     drivers_cc32xx.aem4 : PowerCC32XX.oem4 (.text:notify)
                  010162a4    00000038     freertos_builds_CC3220SF_LAUNCHXL_release_ccs.lib : timers.obj (.text:prvGetNextExpireTime)
                  010162dc    00000038                                                       : port.obj (.text:prvTaskExitError)
                  01016314    00000038     drivers_cc32xx.aem4 : UARTCC32XXDMA.oem4 (.text:startTxFifoEmptyClk)
                  0101634c    00000036     mqtt_release.a : mqtt_common.oem4 (.text:MQTT_packetPrepFh)
                  01016382    00000036     slnetifwifi.a : slnetifwifi.obj (.text:SlNetIfWifi_getHostByName)
                  010163b8    00000036                   : slnetifwifi.obj (.text:SlNetIfWifi_select)
                  010163ee    00000036     drivers_cc32xx.aem4 : TimerCC32XX.oem4 (.text:TimerCC32XX_hwiIntFunction)
                  01016424    00000036     driverlib.a : timer.obj (.text:TimerControlStall)
                  0101645a    00000036     drivers_cc32xx.aem4 : UARTCC32XX.oem4 (.text:UARTCC32XX_readCancel)
                  01016490    00000036     mqtt_release.a : client_core.oem4 (.text:_procPubRecRx)
                  010164c6    00000036     rtsv7M4_T_le_eabi.lib : strncpy.c.obj (.text:strncpy)
                  010164fc    00000034     driverlib.a : pin.obj (.text:PinModeGet)
                  01016530    00000034     drivers_cc32xx.aem4 : PowerCC32XX.oem4 (.text:PowerCC32XX_restoreParkState)
                  01016564    00000034     freertos_builds_CC3220SF_LAUNCHXL_release_ccs.lib : SemaphoreP_freertos.obj (.text:SemaphoreP_pend)
                  01016598    00000034     slnetsock_release.a : slnetutils.oem4 (.text:SlNetUtil_htons)
                  010165cc    00000034     drivers_cc32xx.aem4 : TimerCC32XX.oem4 (.text:TimerCC32XX_freeTimerResource)
                  01016600    00000034                         : UDMACC32XX.oem4 (.text:UDMACC32XX_close)
                  01016634    00000034                         : TimerCC32XX.oem4 (.text:getPowerMgrId)
                  01016668    00000034     mqtt_release.a : client_core.oem4 (.text:groupCtxsKaSequence)
                  0101669c    00000034                    : client_core.oem4 (.text:mqpFreeLocked)
                  010166d0    00000034                    : client_core.oem4 (.text:procLoopbackRecv)
                  01016704    00000034     freertos_builds_CC3220SF_LAUNCHXL_release_ccs.lib : timers.obj (.text:prvSampleTimeNow)
                  01016738    00000034     rtsv7M4_T_le_eabi.lib : rand.c.obj (.text:rand)
                  0101676c    00000034     freertos_builds_CC3220SF_LAUNCHXL_release_ccs.lib : tasks.obj (.text:vTaskPlaceOnEventList)
                  010167a0    00000034                                                       : tasks.obj (.text:vTaskSetThreadLocalStoragePointer)
                  010167d4    00000034     drivers_cc32xx.aem4 : UARTCC32XXDMA.oem4 (.text:writeFinishedDoCallback)
                  01016808    00000032     mqtt_release.a : mqtt_common.oem4 (.text:MQTT_clCtxTimeoutInsert)
                  0101683a    00000032                    : client_core.oem4 (.text:connectedStateRx)
                  0101686c    00000030     network_if.obj (.text:InitializeAppVariables)
                  0101689c    00000030     drivers_cc32xx.aem4 : PowerCC32XX.oem4 (.text:PowerCC32XX_restoreParkedPin)
                  010168cc    00000030     simplelink.a : fs.obj (.text:_SlFsStrlen)
                  010168fc    00000030     rtsv7M4_T_le_eabi.lib : snprintf.c.obj (.text:_outs)
                  0101692c    00000030                           : vsnprintf.c.obj (.text:_outs)
                  0101695c    00000030     mqtt_release.a : client_core.oem4 (.text:ack2MsgIdUnlog)
                  0101698c    00000030                    : client_core.oem4 (.text:clientDescInit)
                  010169bc    00000030                    : mqttclient.oem4 (.text:getAvailableClictxMem)
                  010169ec    00000030     freertos_builds_CC3220SF_LAUNCHXL_release_ccs.lib : list.obj (.text:vListInitialise)
                  01016a1c    00000030                                                       : port.obj (.text:vPortExitCritical)
                  01016a4c    00000030                                                       : tasks.obj (.text:xTaskGetSchedulerState)
                  01016a7c    0000002e     simplelink.a : cc_pal.obj (.text:Mutex_create_handle)
                  01016aaa    0000002e     publish_timer.obj (.text:pTimerCallback)
                  01016ad8    0000002e     freertos_builds_CC3220SF_LAUNCHXL_release_ccs.lib : timers.obj (.text:pvTimerGetTimerID)
                  01016b06    0000002e     rtsv7M4_T_le_eabi.lib : i_tofd_t2.asm.obj (.text)
                  01016b34    0000002c     freertos_builds_CC3220SF_LAUNCHXL_release_ccs.lib : HwiPCC32XX_freertos.obj (.text:HwiP_disable)
                  01016b60    0000002c     simplelink.a : cc_pal.obj (.text:NwpPowerOn)
                  01016b8c    0000002c     driverlib.a : prcm.obj (.text:PRCMLPDSIntervalSet)
                  01016bb8    0000002c     drivers_cc32xx.aem4 : PowerCC32XX.oem4 (.text:PowerCC32XX_getParkState)
                  01016be4    0000002c     freertos_builds_CC3220SF_LAUNCHXL_release_ccs.lib : SemaphoreP_freertos.obj (.text:SemaphoreP_createBinary)
                  01016c10    0000002c     slnetifwifi.a : slnetifwifi.obj (.text:SlNetIfWifi_recv)
                  01016c3c    0000002c                   : slnetifwifi.obj (.text:SlNetIfWifi_send)
                  01016c68    0000002c     simplelink.a : driver.obj (.text:_SlDrvSyncObjWaitForever)
                  01016c94    0000002c     mqtt_release.a : client_core.oem4 (.text:doNetCloseRx)
                  01016cc0    0000002c     parseJSON.obj (.text:jsmn_fill_token)
                  01016cec    0000002c     freertos_builds_CC3220SF_LAUNCHXL_release_ccs.lib : pthread_mutex.obj (.text:pthread_mutexattr_settype)
                  01016d18    0000002c     mqtt_release.a : client_core.oem4 (.text:singleCtxAdjWaitSecsGet)
                  01016d44    0000002c     rtsv7M4_T_le_eabi.lib : strncmp.c.obj (.text:strncmp)
                  01016d70    0000002c     freertos_builds_CC3220SF_LAUNCHXL_release_ccs.lib : tasks.obj (.text:vTaskSetApplicationTaskTag)
                  01016d9c    0000002c                                                       : port.obj (.text:xPortSysTickHandler)
                  01016dc8    0000002c                                                       : queue.obj (.text:xQueueCreateMutex)
                  01016df4    0000002a     slnetsock_release.a : slnetutils.oem4 (.text:SlNetUtil_inetPton)
                  01016e1e    0000002a     driverlib.a : timer.obj (.text:TimerLoadSet)
                  01016e48    0000002a                 : timer.obj (.text:TimerPrescaleSet)
                  01016e72    0000002a     drivers_cc32xx.aem4 : UARTCC32XXDMA.oem4 (.text:UARTCC32XXDMA_readCancel)
                  01016e9c    0000002a                         : UARTCC32XXDMA.oem4 (.text:UARTCC32XXDMA_writeCancel)
                  01016ec6    0000002a     mqtt_release.a : client_core.oem4 (.text:ack2MsgIdDispatch)
                  01016ef0    0000002a                    : client_core.oem4 (.text:pingReqSend)
                  01016f1a    0000002a     freertos_builds_CC3220SF_LAUNCHXL_release_ccs.lib : queue.obj (.text:prvInitialiseMutex)
                  01016f44    0000002a     mqtt_release.a : client_core.oem4 (.text:txPartSetup)
                  01016f6e    0000002a     freertos_builds_CC3220SF_LAUNCHXL_release_ccs.lib : queue.obj (.text:uxQueueMessagesWaiting)
                  01016f98    00000028                                                       : HwiPCC32XX_freertos.obj (.text:HwiP_inISR)
                  01016fc0    00000028     mqtt_release.a : mqtt_common.oem4 (.text:MQTT_packetBufWrUtf8)
                  01016fe8    00000028     driverlib.a : prcm.obj (.text:PRCMLPDSWakeupSourceEnable)
                  01017010    00000028                 : prcm.obj (.text:PRCMPeripheralClkDisable)
                  01017038    00000028     drivers_cc32xx.aem4 : PowerCC32XX.oem4 (.text:Power_registerNotify)
                  01017060    00000028     slnetsock_release.a : slnetif.oem4 (.text:SlNetIf_getIfByID)
                  01017088    00000028                         : slnetsock.oem4 (.text:SlNetSock_sdsIsSet)
                  010170b0    00000028                         : slnetsock.oem4 (.text:SlNetSock_sdsSet)
                  010170d8    00000028                         : slnetsock.oem4 (.text:SlNetSock_secAttribDelete)
                  01017100    00000028     simplelink.a : driver.obj (.text:_SlDrvProtectionObjLockWaitForever)
                  01017128    00000028                  : driver.obj (.text:_SlDrvProtectionObjUnLock)
                  01017150    00000028                  : flowcont.obj (.text:_SlFlowContSet)
                  01017178    00000028     mqtt_release.a : client_core.oem4 (.text:_procPubRelRx)
                  010171a0    00000028                    : mqttclient.oem4 (.text:_sl_ExtLib_AwaitedAckLockedSet)
                  010171c8    00000028     freertos_builds_CC3220SF_LAUNCHXL_release_ccs.lib : pthread.obj (.text:pthread_attr_setschedparam)
                  010171f0    00000028                                                       : semaphore.obj (.text:sem_trywait)
                  01017218    00000028                                                       : tasks.obj (.text:xTaskGetApplicationTaskTag)
                  01017240    00000026     drivers_cc32xx.aem4 : List.oem4 (.text:List_put)
                  01017266    00000026                         : List.oem4 (.text:List_remove)
                  0101728c    00000026     mqtt_release.a : mqtt_common.oem4 (.text:MQTT_clCtxRemove)
                  010172b2    00000026     freertos_builds_CC3220SF_LAUNCHXL_release_ccs.lib : pthread.obj (.text:_pthread_cleanup_pop)
                  010172d8    00000026                                                       : queue.obj (.text:prvIsQueueFull)
                  010172fe    00000002     --HOLE-- [fill = 0]
                  01017300    00000024     driverlib.a : interrupt.obj (.text:IntUnregister)
                  01017324    00000024     drivers_cc32xx.aem4 : PowerCC32XX.oem4 (.text:PowerCC32XX_reset)
                  01017348    00000024     slnetsock_release.a : slnetif.oem4 (.text:SlNetIf_getConnectionStatus)
                  0101736c    00000024     simplelink.a : driver.obj (.text:_SlDrvIsApiInProgress)
                  01017390    00000024                  : driver.obj (.text:_SlDrvStartMeasureTimeout)
                  010173b4    00000024     rtsv7M4_T_le_eabi.lib : boot_cortex_m.c.obj (.text:_c_int00_noargs:_c_int00_noargs)
                  010173d8    00000024     mqtt_release.a : client_core.oem4 (.text:conn2usedCtxs)
                  010173fc    00000024     debug.obj (.text:dbgUARTString)
                  01017420    00000024     rtsv7M4_T_le_eabi.lib : memmov.c.obj (.text:memmove)
                  01017444    00000024     freertos_builds_CC3220SF_LAUNCHXL_release_ccs.lib : queue.obj (.text:prvGetDisinheritPriorityAfterTimeout)
                  01017468    00000024     mqtt_release.a : client_core.oem4 (.text:recvHvecLoad)
                  0101748c    00000024     freertos_builds_CC3220SF_LAUNCHXL_release_ccs.lib : semaphore.obj (.text:sem_getvalue)
                  010174b0    00000024     simplelink.a : wlan.obj (.text:sl_WlanDisconnect)
                  010174d4    00000024     freertos_builds_CC3220SF_LAUNCHXL_release_ccs.lib : queue.obj (.text:vQueueDelete)
                  010174f8    00000024                                                       : tasks.obj (.text:vTaskInternalSetTimeOutState)
                  0101751c    00000022     mqtt_release.a : mqtt_common.oem4 (.text:MQTT_packetProcMsgIdAckRx)
                  0101753e    00000022     freertos_builds_CC3220SF_LAUNCHXL_release_ccs.lib : SemaphoreP_freertos.obj (.text:SemaphoreP_post)
                  01017560    00000022                                                       : pthread.obj (.text:pthread_attr_setdetachstate)
                  01017582    00000002     --HOLE-- [fill = 0]
                  01017584    00000020                                                       : ClockP_freertos.obj (.text:ClockP_getCpuFreq)
                  010175a4    00000020                                                       : HwiPCC32XX_freertos.obj (.text:HwiP_restore)
                  010175c4    00000020     driverlib.a : interrupt.obj (.text:IntRegister)
                  010175e4    00000020     mqtt_release.a : mqtt_common.oem4 (.text:MQTT_qos2PubCqReset)
                  01017604    00000020     drivers_cc32xx.aem4 : PowerCC32XX.oem4 (.text:Power_unregisterNotify)
                  01017624    00000020                         : RingBuf.oem4 (.text:RingBuf_peek)
                  01017644    00000020     slnetifwifi.a : slnetifwifi.obj (.text:SlNetIfWifi_accept)
                  01017664    00000020     eventQueue.obj (.text:createEventMsgQueue)
                  01017684    00000020     pubSubQueue.obj (.text:createPSMsgQueue)
                  010176a4    00000020     drivers_cc32xx.aem4 : SPICC32XXDMA.oem4 (.text:getPowerMgrId)
                  010176c4    00000020                         : UARTCC32XX.oem4 (.text:getPowerMgrId)
                  010176e4    00000020                         : UARTCC32XXDMA.oem4 (.text:getPowerMgrId)
                  01017704    00000020     freertos_builds_CC3220SF_LAUNCHXL_release_ccs.lib : queue.obj (.text:prvIsQueueEmpty)
                  01017724    00000020                                                       : semaphore.obj (.text:semaphorePend)
                  01017744    00000020     mqtt_release.a : client_core.oem4 (.text:session311fix)
                  01017764    0000001e     freertos_builds_CC3220SF_LAUNCHXL_release_ccs.lib : ClockP_freertos.obj (.text:ClockP_start)
                  01017782    0000001e                                                       : HwiPCC32XX_freertos.obj (.text:HwiP_Params_init)
                  010177a0    0000001e     mqtt_release.a : client_core.oem4 (.text:MQTTClientCore_alloc)
                  010177be    0000001e                    : client_core.oem4 (.text:MQTTClientCore_ctxRun)
                  010177dc    0000001e     slnetifwifi.a : slnetifwifi.obj (.text:SlNetIfWifi_bind)
                  010177fa    0000001e                   : slnetifwifi.obj (.text:SlNetIfWifi_connect)
                  01017818    0000001e     driverlib.a : timer.obj (.text:TimerDisable)
                  01017836    0000001e                 : timer.obj (.text:TimerEnable)
                  01017854    0000001e     simplelink.a : driver.obj (.text:_SlDrvObjLockWaitForever)
                  01017872    0000001e                  : driver.obj (.text:_SlDrvObjUnLock)
                  01017890    0000001e                  : driver.obj (.text:_SlDrvSyncObjSignal)
                  010178ae    0000001e     freertos_builds_CC3220SF_LAUNCHXL_release_ccs.lib : pthread.obj (.text:_pthread_runStub)
                  010178cc    0000001e     debug.obj (.text:dbgFail)
                  010178ea    0000001e     parseJSON.obj (.text:jsmn_init)
                  01017908    0000001e     drivers_cc32xx.aem4 : UDMACC32XX.oem4 (.text:postNotifyFxn)
                  01017926    0000001e     mqtt_release.a : client_core.oem4 (.text:procNetDataRecv)
                  01017944    0000001e                    : client_core.oem4 (.text:sessionDelete)
                  01017962    0000001c     freertos_builds_CC3220SF_LAUNCHXL_release_ccs.lib : ClockP_freertos.obj (.text:ClockP_Params_init)
                  0101797e    00000002     --HOLE-- [fill = 0]
                  01017980    0000001c     uart_term.obj (.text:Message)
                  0101799c    0000001c     driverlib.a : pin.obj (.text:PinToPadGet)
                  010179b8    0000001c     simplelink.a : device.obj (.text:_SlDeviceGetStartResponseConvert)
                  010179d4    0000001c                  : spawn.obj (.text:_SlInternalIsItSpawnThread)
                  010179f0    0000001c     mqtt_release.a : client_core.oem4 (.text:awaitsPkts)
                  01017a0c    0000001c                    : client_core.oem4 (.text:doNetCloseTx)
                  01017a28    0000001c     rtsv7M4_T_le_eabi.lib : memccpy.c.obj (.text:memccpy)
                  01017a44    0000001c     mqtt_release.a : client_core.oem4 (.text:processRecv)
                  01017a60    0000001c     freertos_builds_CC3220SF_LAUNCHXL_release_ccs.lib : pthread.obj (.text:pthread_attr_init)
                  01017a7c    0000001c                                                       : pthread_mutex.obj (.text:pthread_mutexattr_init)
                  01017a98    0000001c                                                       : tasks.obj (.text:pvTaskIncrementMutexHeldCount)
                  01017ab4    0000001c     mqtt_release.a : client_core.oem4 (.text:usedCtxsTOSort)
                  01017ad0    0000001a                    : mqtt_common.oem4 (.text:MQTT_packetAckWlistPurge)
                  01017aea    0000001a     freertos_builds_CC3220SF_LAUNCHXL_release_ccs.lib : PTLS.obj (.text:PTLS_taskDeleteHook)
                  01017b04    0000001a     slnetifwifi.a : slnetifwifi.obj (.text:SlNetIfWifi_listen)
                  01017b1e    0000001a     freertos_builds_CC3220SF_LAUNCHXL_release_ccs.lib : timers.obj (.text:prvTimerTask)
                  01017b38    0000001a                                                       : pthread_mutex.obj (.text:pthread_mutex_destroy)
                  01017b52    00000018     mqtt_release.a : mqtt_common.oem4 (.text:MQTT_clCtxTimeoutUpdate)
                  01017b6a    00000002     --HOLE-- [fill = 0]
                  01017b6c    00000018     drivers_cc32xx.aem4 : PowerCC32XX.oem4 (.text:Power_idleFunc)
                  01017b84    00000018                         : TimerCC32XX.oem4 (.text:TimerCC32XX_getCount)
                  01017b9c    00000018     driverlib.a : timer.obj (.text:TimerIntDisable)
                  01017bb4    00000018                 : timer.obj (.text:TimerIntEnable)
                  01017bcc    00000018                 : uart.obj (.text:UARTBusy)
                  01017be4    00000018                 : uart.obj (.text:UARTIntEnable)
                  01017bfc    00000018     drivers_cc32xx.aem4 : UART.oem4 (.text:UART_Params_init)
                  01017c14    00000018     rtsv7M4_T_le_eabi.lib : snprintf.c.obj (.text:_outc)
                  01017c2c    00000018                           : vsnprintf.c.obj (.text:_outc)
                  01017c44    00000018     freertos_builds_CC3220SF_LAUNCHXL_release_ccs.lib : memory.obj (.text:free)
                  01017c5c    00000018     mqtt_release.a : client_core.oem4 (.text:groupCtxsAdjWaitSecsGet)
                  01017c74    00000018                    : client_core.oem4 (.text:netClCtxFind)
                  01017c8c    00000018     rtsv7M4_T_le_eabi.lib : ll_mul_t2.asm.obj (.text)
                  01017ca4    00000018     freertos_builds_CC3220SF_LAUNCHXL_release_ccs.lib : semaphore.obj (.text:sem_wait)
                  01017cbc    00000016                                                       : ClockP_freertos.obj (.text:ClockP_setTimeout)
                  01017cd2    00000016     mqtt_release.a : mqtt_net_func.oem4 (.text:MQTTNet_commClose)
                  01017ce8    00000016     mqtt_client_app.obj (.text:MQTT_SendMsgToQueue)
                  01017cfe    00000016     mqtt_release.a : mqtt_common.oem4 (.text:MQTT_clCtxReset)
                  01017d14    00000016                    : mqtt_common.oem4 (.text:MQTT_packetFree)
                  01017d2a    00000016                    : mqtt_common.oem4 (.text:MQTT_packetInit)
                  01017d40    00000016     driverlib.a : prcm.obj (.text:PRCMHIBRegRead)
                  01017d56    00000016                 : prcm.obj (.text:PRCMHIBRegWrite)
                  01017d6c    00000016     freertos_builds_CC3220SF_LAUNCHXL_release_ccs.lib : PTLS.obj (.text:PTLS_getBuf)
                  01017d82    00000016                                                       : PTLS.obj (.text:PTLS_setBuf)
                  01017d98    00000016                                                       : SemaphoreP_freertos.obj (.text:SemaphoreP_Params_init)
                  01017dae    00000016     simplelink.a : driver.obj (.text:_SlDrvMemZero)
                  01017dc4    00000016     freertos_builds_CC3220SF_LAUNCHXL_release_ccs.lib : startup_cc32xx_ccs.obj (.text:resetISR)
                  01017dda    00000016     rtsv7M4_T_le_eabi.lib : strchr.c.obj (.text:strchr)
                  01017df0    00000014     driverlib.a : cpu.obj (.text:CPUcpsie)
                  01017e04    00000014                 : interrupt.obj (.text:IntVTableBaseSet)
                  01017e18    00000014     mqtt_release.a : mqttclient.oem4 (.text:MQTTClient_publish)
                  01017e2c    00000014                    : mqtt_net_func.oem4 (.text:MQTTNet_rtcSecs)
                  01017e40    00000014                    : mqtt_common.oem4 (.text:MQTT_packetAckWlistAppend)
                  01017e54    00000014                    : mqtt_common.oem4 (.text:MQTT_packetReset)
                  01017e68    00000014     drivers_cc32xx.aem4 : PowerCC32XX.oem4 (.text:Power_getDependencyCount)
                  01017e7c    00000014                         : SPI.oem4 (.text:SPI_Params_init)
                  01017e90    00000014     slnetsock_release.a : slnetsock.oem4 (.text:SlNetSock_sdsClrAll)
                  01017ea4    00000014     mqtt_release.a : client_core.oem4 (.text:ack1WlRmfree)
                  01017eb8    00000014     main_motor_task.obj (.text:motorThread)
                  01017ecc    00000014     freertos_builds_CC3220SF_LAUNCHXL_release_ccs.lib : tasks.obj (.text:prvDeleteTCB)
                  01017ee0    00000014                                                       : pthread.obj (.text:pthread_attr_setstacksize)
                  01017ef4    00000014                                                       : pthread_mutex.obj (.text:pthread_mutex_lock)
                  01017f08    00000014                                                       : pthread.obj (.text:pthread_self)
                  01017f1c    00000014     drivers_cc32xx.aem4 : UARTCC32XX.oem4 (.text:releasePowerConstraint)
                  01017f30    00000014     freertos_builds_CC3220SF_LAUNCHXL_release_ccs.lib : semaphore.obj (.text:sem_destroy)
                  01017f44    00000014     rtsv7M4_T_le_eabi.lib : strlen.c.obj (.text:strlen)
                  01017f58    00000014     mqtt_release.a : client_core.oem4 (.text:txPartBufP)
                  01017f6c    00000014                    : client_core.oem4 (.text:txPartReset)
                  01017f80    00000014     freertos_builds_CC3220SF_LAUNCHXL_release_ccs.lib : PowerCC32XX_freertos.obj (.text:vPortSuppressTicksAndSleep)
                  01017f94    00000014                                                       : tasks.obj (.text:xTaskGetCurrentTaskHandle)
                  01017fa8    00000014                                                       : tasks.obj (.text:xTaskGetTickCount)
                  01017fbc    00000012                                                       : HwiPCC32XX_freertos.obj (.text:HwiP_delete)
                  01017fce    00000012     drivers_cc32xx.aem4 : RingBuf.oem4 (.text:RingBuf_construct)
                  01017fe0    00000012     slnetifwifi.a : slnetifwifi.obj (.text:SlNetIfWifi_close)
                  01017ff2    00000012     driverlib.a : timer.obj (.text:TimerIntClear)
                  01018004    00000012     mqtt_release.a : client_core.oem4 (.text:mqpDoNotReportCor)
[...]
01014f09  PowerCC32XX_enterLPDS                     
01014f4d  SPI_init                                  
01014fd5  Timer_init                                
01015019  UART_init                                 
0101505d  __TI_auto_init_nobinit_nopinit            
010150e5  sendMsgToEventQueue                       
01015129  sendMsgToPSQueue                          
0101516d  vTaskStepTick                             
010151f5  MQTT_packetBufRdRemlen                    
01015237  malloc                                    
010152b9  MQTTClientCore_registerCtxInfo            
010152f9  PinModeSet                                
01015339  RingBuf_get                               
01015379  SPI_open                                  
010153b9  SimpleLinkGeneralEventHandler             
010153f9  SlNetSock_bind                            
01015439  SlNetSock_secAttribSet                    
01015479  Timer_open                                
010154b9  UARTCC32XX_read                           
010154f9  UART_open                                 
01015539  UDMACC32XX_init                           
01015579  _SlDrvGlobalObjUnLock                     
010155b9  _SlFindAndReleasePendingCmd               
010155f9  _SlInternalSpawnWaitForEvent              
01015639  _SlIsEventRegistered                      
01015679  __aeabi_errno_addr                        
010156b9  _sl_ExtLib_ServerAckLockedWait            
01015779  readFromEventQueue                        
010157b9  readFromPSQueue                           
010157f9  vTaskPlaceOnEventListRestricted           
01015839  vsnprintf                                 
01015879  ClockP_callbackFxn                        
010158b7  MQTT_packetAckWlistRemove                 
010158f5  MQTT_packetBufTailWrRemlen                
01015933  SlNetSock_close                           
01015a69  pthread_setcancelstate                    
01015aa7  sem_post                                  
01015ae5  MQTTClientCore_registerBuffers            
01015b21  MQTTClient_disconnect                     
01015b5d  MQTT_qos2PubCqCheck                       
01015b99  Network_IF_DisconnectFromAP               
01015bd5  PRCMSlowClkCtrFastGet                     
01015c11  Power_setConstraint                       
01015c4d  Report                                    
01015d79  pvTaskGetThreadLocalStoragePointer        
01015e69  usleep                                    
01015ea5  vListInsertEnd                            
01015ee1  xTimerCreate                              
01015f1d  SlNetIfWifi_getIPAddr                     
01015f57  TimerCC32XX_close                         
01015fcd  MQTTClientCore_registerNetSvc             
01016005  MQTT_qos2PubCqLogup                       
0101603d  PRCMLPDSEnterKeepDebugIf                  
01016075  SlNetIfWifi_recvFrom                      
010160ad  SlNetIfWifi_sendTo                        
010160e5  SlNetIfWifi_socket                        
01016155  SlNetSock_listen                          
0101618d  SlNetUtil_htonl                           
0101618d  SlNetUtil_ntohl                           
010161c5  addStringChecksum                         
0101634d  MQTT_packetPrepFh                         
01016383  SlNetIfWifi_getHostByName                 
010163b9  SlNetIfWifi_select                        
01016425  TimerControlStall                         
0101645b  UARTCC32XX_readCancel                     
010164c7  strncpy                                   
010164fd  PinModeGet                                
01016531  PowerCC32XX_restoreParkState              
01016565  SemaphoreP_pend                           
01016599  SlNetUtil_htons                           
01016599  SlNetUtil_ntohs                           
010165cd  TimerCC32XX_freeTimerResource             
01016601  UDMACC32XX_close                          
01016739  rand                                      
0101676d  vTaskPlaceOnEventList                     
010167a1  vTaskSetThreadLocalStoragePointer         
01016809  MQTT_clCtxTimeoutInsert                   
0101686d  InitializeAppVariables                    
0101689d  PowerCC32XX_restoreParkedPin              
010169ed  vListInitialise                           
01016a1d  vPortExitCritical                         
01016a4d  xTaskGetSchedulerState                    
01016a7d  Mutex_create_handle                       
01016aab  pTimerCallback                            
01016ad9  pvTimerGetTimerID                         
01016b07  __aeabi_i2d                               
01016b35  HwiP_disable                              
01016b61  NwpPowerOn                                
01016b8d  PRCMLPDSIntervalSet                       
01016bb9  PowerCC32XX_getParkState                  
01016be5  SemaphoreP_createBinary                   
01016c11  SlNetIfWifi_recv                          
01016c3d  SlNetIfWifi_send                          
01016c69  _SlDrvSyncObjWaitForever                  
01016ced  pthread_mutexattr_settype                 
01016d45  strncmp                                   
01016d71  vTaskSetApplicationTaskTag                
01016d9d  xPortSysTickHandler                       
01016dc9  xQueueCreateMutex                         
01016df5  SlNetUtil_inetPton                        
01016e1f  TimerLoadSet                              
01016e49  TimerPrescaleSet                          
01016e73  UARTCC32XXDMA_readCancel                  
01016e9d  UARTCC32XXDMA_writeCancel                 
01016f6f  uxQueueMessagesWaiting                    
01016f99  HwiP_inISR                                
01016fc1  MQTT_packetBufWrUtf8                      
01016fe9  PRCMLPDSWakeupSourceEnable                
01017011  PRCMPeripheralClkDisable                  
01017039  Power_registerNotify                      
01017061  SlNetIf_getIfByID                         
01017089  SlNetSock_sdsIsSet                        
010170b1  SlNetSock_sdsSet                          
010170d9  SlNetSock_secAttribDelete                 
01017101  _SlDrvProtectionObjLockWaitForever        
01017129  _SlDrvProtectionObjUnLock                 
01017151  _SlFlowContSet                            
010171a1  _sl_ExtLib_AwaitedAckLockedSet            
010171c9  pthread_attr_setschedparam                
010171f1  sem_trywait                               
01017219  xTaskGetApplicationTaskTag                
01017241  List_put                                  
01017267  List_remove                               
0101728d  MQTT_clCtxRemove                          
010172b3  _pthread_cleanup_pop                      
01017301  IntUnregister                             
01017325  PowerCC32XX_reset                         
01017349  SlNetIf_getConnectionStatus               
0101736d  _SlDrvIsApiInProgress                     
01017391  _SlDrvStartMeasureTimeout                 
010173b5  _c_int00_noargs                           
010173fd  dbgUARTString                             
01017421  memmove                                   
0101748d  sem_getvalue                              
010174b1  sl_WlanDisconnect                         
010174d5  vQueueDelete                              
010174f9  vTaskInternalSetTimeOutState              
0101751d  MQTT_packetProcMsgIdAckRx                 
0101753f  SemaphoreP_post                           
01017561  pthread_attr_setdetachstate               
01017585  ClockP_getCpuFreq                         
010175a5  HwiP_restore                              
010175c5  IntRegister                               
010175e5  MQTT_qos2PubCqReset                       
01017605  Power_unregisterNotify                    
01017625  RingBuf_peek                              
01017645  SlNetIfWifi_accept                        
01017665  createEventMsgQueue                       
01017685  createPSMsgQueue                          
01017765  ClockP_start                              
01017783  HwiP_Params_init                          
010177a1  MQTTClientCore_alloc                      
010177bf  MQTTClientCore_ctxRun                     
010177dd  SlNetIfWifi_bind                          
010177fb  SlNetIfWifi_connect                       
01017819  TimerDisable                              
01017837  TimerEnable                               
01017855  _SlDrvObjLockWaitForever                  
01017873  _SlDrvObjUnLock                           
01017891  _SlDrvSyncObjSignal                       
010178cd  dbgFail                                   
01017963  ClockP_Params_init                        
01017981  Message                                   
0101799d  PinToPadGet                               
010179d5  _SlInternalIsItSpawnThread                
01017a29  memccpy                                   
01017a61  pthread_attr_init                         
01017a7d  pthread_mutexattr_init                    
01017a99  pvTaskIncrementMutexHeldCount             
01017ad1  MQTT_packetAckWlistPurge                  
01017aeb  PTLS_taskDeleteHook                       
01017b05  SlNetIfWifi_listen                        
01017b39  pthread_mutex_destroy                     
01017b53  MQTT_clCtxTimeoutUpdate                   
01017b6d  Power_idleFunc                            
01017b85  TimerCC32XX_getCount                      
01017b9d  TimerIntDisable                           
01017bb5  TimerIntEnable                            
01017bcd  UARTBusy                                  
01017be5  UARTIntEnable                             
01017bfd  UART_Params_init                          
01017c45  free                                      
01017c8d  __aeabi_lmul                              
01017ca5  sem_wait                                  
01017cbd  ClockP_setTimeout                         
01017cd3  MQTTNet_commClose                         
01017ce9  MQTT_SendMsgToQueue                       
01017cff  MQTT_clCtxReset                           
01017d15  MQTT_packetFree                           
01017d2b  MQTT_packetInit                           
01017d41  PRCMHIBRegRead                            
01017d57  PRCMHIBRegWrite                           
01017d6d  PTLS_getBuf                               
01017d83  PTLS_setBuf                               
01017d99  SemaphoreP_Params_init                    
01017daf  _SlDrvMemZero                             
01017dc5  resetISR                                  
01017dd4  resetVectorAddr                           
01017ddb  strchr                                    
01017df1  CPUcpsie                                  
01017e05  IntVTableBaseSet                          
01017e19  MQTTClient_publish                        
01017e2d  MQTTNet_rtcSecs                           
01017e41  MQTT_packetAckWlistAppend                 
01017e55  MQTT_packetReset                          
01017e69  Power_getDependencyCount                  
01017e7d  SPI_Params_init                           
01017e91  SlNetSock_sdsClrAll                       
01017eb9  motorThread                               
01017ee1  pthread_attr_setstacksize                 
01017ef5  pthread_mutex_lock                        
01017f09  pthread_self                              
01017f31  sem_destroy                               
01017f45  strlen                                    
01017f81  vPortSuppressTicksAndSleep                
01017f95  xTaskGetCurrentTaskHandle                 
01017fa9  xTaskGetTickCount                         
01017fbd  HwiP_delete                               
01017fcf  RingBuf_construct                         
01017fe1  SlNetIfWifi_close                         
01017ff3  TimerIntClear                             
01018029  wcslen                                    
0101803b  Board_init                                
0101804b  ClockP_getSystemTickPeriod                
0101805b  MQTTClientCore_sendUnsubMsg               
0101806b  SlNetSock_secAttribCreate                 
0101807d  SysTickDisable                            
0101808d  SysTickEnable                             
0101809d  Timer_Params_init                         
010180ad  _SlDrvDispatchHttpServerEvents            
010180bd  _SlDrvDispatchNetAppRequestEvents         
010180cd  _SlDrvIsSpawnOwnGlobalLock                
0101813d  vListInitialiseItem                       
0101814d  vTaskSuspendAll                           
0101815d  MQTTClient_subscribe                      
0101816b  MQTTClient_unsubscribe                    
01018179  Power_getTransitionLatency                
01018187  RingBuf_isFull                            
01018195  _SlDrvResetCmdExt                         
010181a3  _sl_ExtLib_AwaitedAckSet                  
010181bf  __TI_decompress_none                      
010181db  spi_Close                                 
010181e9  CPUwfi                                    
010181f5  HwiP_clearInterrupt                       
01018201  HwiP_disableInterrupt                     
0101820d  HwiP_enableInterrupt                      
01018219  MQTTClientCore_sendConnectMsg             
01018225  MQTT_secureConnStructInit                 
01018231  Network_IF_ResetMCUStateMachine           
0101823d  NwpMaskInterrupt                          
01018249  NwpUnMaskInterrupt                        
01018255  Power_getConstraintMask                   
01018261  SemaphoreP_delete                         
0101826d  SimpleLinkHttpServerEventHandler          
01018279  SimpleLinkNetAppRequestEventHandler       
01018285  _SlDeviceResetRequestInitCompletedCB      
0101829d  copysign                                  
0101829d  copysignl                                 
010182a9  __TI_zero_init                            
010182d9  uDMAErrorStatusClear                      
010182e5  uDMAErrorStatusGet                        
010182f1  vTaskMissedYield                          
010182fd  IntMasterEnable                           
01018307  SPI_close                                 
01018311  SPI_transfer                              
0101831b  SimpleLinkNetAppRequestMemFreeEventHandler
01018325  Timer_start                               
0101832f  UART_readPolling                          
01018339  UART_write                                
01018343  UART_writePolling                         
0101834d  sl_Task                                   
01018357  vApplicationStackOverflowHook             
01018361  ClockP_getSystemTicks                     
01018369  MQTTClientCore_sendSubMsg                 
01018371  MQTTNet_tcpSend                           
01018379  PRCMSleepEnter                            
01018381  TimerGetCurrentTimestamp                  
010183b9  SPICC32XXDMA_control                      
010183bf  TimerCC32XX_control                       
010183c5  UtilsDelay                                
010183e3  SPICC32XXDMA_init                         
010183e7  SlNetIf_init                              
010183eb  SlNetUtil_init                            
010183ef  _system_pre_init                          
010183f3  C$$EXIT                                   
010183f3  abort                                     
01018400  _ctypes_                                  
01018880  spiCC32XXDMAHWAttrs                       
010188f8  OpcodeTranslateTable                      
01018968  _SlActionLookupTable                      
010189b8  PowerCC32XX_config                        
010189f8  timerCC32XXHWAttrs                        
01018a28  UARTCC32XXDMA_fxnTable                    
01018a50  UARTCC32XX_fxnTable                       
01018a78  Timer_config                              
01018a9c  UART_defaultParams                        
01018b4c  SPI_defaultParams                         
01018b8c  TimerCC32XX_fxnTable                      
01018be4  SPICC32XXDMA_fxnTable                     
01018bfc  SPI_config                                
01018c14  UART_config                               
01018d30  GPIOCC32XX_config                         
01018e70  udmaCC3220SHWAttrs                        
01018e84  UDMACC32XX_config                         
01018e8c  ulMaxSyscallInterruptPriority             
01018eac  outPinTypes                               
01018eca  inPinTypes                                
01018ed0  outPinStrengths                           
01018ed6  Display_count                             
01018ed7  CryptoCC32XX_count                        
01018ed8  SPI_count                                 
01018ed9  Timer_count                               
01018eda  UART_count                                
01018edb  Watchdog_count                            
01018ee1  qos                                       
01018f16  _SlNetAppSendResponseCmdCtrl              
01018f1a  _SlNetAppSendTokenValueCmdCtrl            
01018f58  __TI_static_base__                        
01019100  __TI_Handler_Table_Base                   
0101910c  __TI_Handler_Table_Limit                  
01019118  __TI_CINIT_Base                           
01019128  __TI_CINIT_Limit                          
2002e000  g_CB                                      
2002e7e4  clients                                   
2002ea94  PowerCC32XX_contextSave                   
2002ee58  timerCC32XXObjects                        
2002eef4  spiCC32XXDMAObjects                       
2002ef7c  uartCC32XXObjects0                        
2002f080  uartCC32XXObjects1                        
2002f168  GlobalLockObj                             
2002f194  g_SlInternalSpawnCB                       
2002f2e4  MQTTClient_Lib_CB                         
2002f2f4  DeviceCB                                  
2002f300  Msg                                       
2002f32c  spiCC32XXSDMAscratchBuf                   
2002f334  udmaCC3220SObject                         
2002f350  MQTTClient_waitSecs                       
2002f352  RxIrqCnt                                  
2002f354  HwiP_dispatchTable                        
2002fb54  PowerCC32XX_module                        
2002fcc0  parkInfo                                  
2002fdb8  SlNetIfConfigWifi                         
2002fe48  pxCurrentTCB                              
2002fe7c  gpioCallbackFunctions                     
2002feac  gpioPinConfigs                            
2002fedc  MQTTClient_net                            
2002ff04  g_LibsEvents                              
2002ff28  g_UserEvents                              
2002ff88  gApConnectionState                        
2002ff8c  gInitState                                
2002ff90  gResetApplication                         
2002ff94  gUiConnFlag                               
2002ff98  ClientId                                  
2002ffc0  gGlobalLockCntRequested                   
2002ffc1  gGlobalLockCntReleased                    
2002ffc2  g_SlDeviceStatus                          
2002ffc4  g_pCB                                     
2002ffc8  pPingCallBackFunc                         
2002ffe4  MQTTClient_closeContext                   
2002ffe8  MQTTClient_clientContext                  
2002ffec  MQTTClient_multiSrvConn                   
2002fff0  _lock                                     
2002fff4  _unlock                                   
2002fff8  MQTTClient_clientCfg                      
20030020  MQTTClient_connectCfg                     
2003003c  g_intHandle                               
20030044  topic                                     
2003fc00  __stack                                   
20040000  __STACK_END                               
ffffffff  __TI_pprof_out_hndl                       
ffffffff  __TI_prof_data_size                       
ffffffff  __TI_prof_data_start                      
ffffffff  __binit__                                 
ffffffff  __c_args__                                
ffffffff  binit                                     
UNDEFED   __mpu_init                                
UNDEFED   _system_post_cinit                        

[699 symbols]
